Archive member included to satisfy reference by file (symbol)

C:/Toolchain/arm-gnu-toolchain-14.2.rel1-mingw-w64-i686-arm-none-eabi/bin/../lib/gcc/arm-none-eabi/14.2.1/thumb/v7e-m+fp/hard\libc_nano.a(libc_a-exit.o)
                              C:/Toolchain/arm-gnu-toolchain-14.2.rel1-mingw-w64-i686-arm-none-eabi/bin/../lib/gcc/arm-none-eabi/14.2.1/thumb/v7e-m+fp/hard/crt0.o (exit)
C:/Toolchain/arm-gnu-toolchain-14.2.rel1-mingw-w64-i686-arm-none-eabi/bin/../lib/gcc/arm-none-eabi/14.2.1/thumb/v7e-m+fp/hard\libc_nano.a(libc_a-nano-vfprintf_float.o)
                              (_printf_float)
C:/Toolchain/arm-gnu-toolchain-14.2.rel1-mingw-w64-i686-arm-none-eabi/bin/../lib/gcc/arm-none-eabi/14.2.1/thumb/v7e-m+fp/hard\libc_nano.a(libc_a-nano-vfprintf_i.o)
                              C:/Toolchain/arm-gnu-toolchain-14.2.rel1-mingw-w64-i686-arm-none-eabi/bin/../lib/gcc/arm-none-eabi/14.2.1/thumb/v7e-m+fp/hard\libc_nano.a(libc_a-nano-vfprintf_float.o) (_printf_common)
C:/Toolchain/arm-gnu-toolchain-14.2.rel1-mingw-w64-i686-arm-none-eabi/bin/../lib/gcc/arm-none-eabi/14.2.1/thumb/v7e-m+fp/hard\libc_nano.a(libc_a-findfp.o)
                              C:/Toolchain/arm-gnu-toolchain-14.2.rel1-mingw-w64-i686-arm-none-eabi/bin/../lib/gcc/arm-none-eabi/14.2.1/thumb/v7e-m+fp/hard\libc_nano.a(libc_a-exit.o) (__stdio_exit_handler)
C:/Toolchain/arm-gnu-toolchain-14.2.rel1-mingw-w64-i686-arm-none-eabi/bin/../lib/gcc/arm-none-eabi/14.2.1/thumb/v7e-m+fp/hard\libc_nano.a(libc_a-fwalk.o)
                              C:/Toolchain/arm-gnu-toolchain-14.2.rel1-mingw-w64-i686-arm-none-eabi/bin/../lib/gcc/arm-none-eabi/14.2.1/thumb/v7e-m+fp/hard\libc_nano.a(libc_a-findfp.o) (_fwalk_sglue)
C:/Toolchain/arm-gnu-toolchain-14.2.rel1-mingw-w64-i686-arm-none-eabi/bin/../lib/gcc/arm-none-eabi/14.2.1/thumb/v7e-m+fp/hard\libc_nano.a(libc_a-stdio.o)
                              C:/Toolchain/arm-gnu-toolchain-14.2.rel1-mingw-w64-i686-arm-none-eabi/bin/../lib/gcc/arm-none-eabi/14.2.1/thumb/v7e-m+fp/hard\libc_nano.a(libc_a-findfp.o) (__sread)
C:/Toolchain/arm-gnu-toolchain-14.2.rel1-mingw-w64-i686-arm-none-eabi/bin/../lib/gcc/arm-none-eabi/14.2.1/thumb/v7e-m+fp/hard\libc_nano.a(libc_a-memset.o)
                              C:/Toolchain/arm-gnu-toolchain-14.2.rel1-mingw-w64-i686-arm-none-eabi/bin/../lib/gcc/arm-none-eabi/14.2.1/thumb/v7e-m+fp/hard/crt0.o (memset)
C:/Toolchain/arm-gnu-toolchain-14.2.rel1-mingw-w64-i686-arm-none-eabi/bin/../lib/gcc/arm-none-eabi/14.2.1/thumb/v7e-m+fp/hard\libc_nano.a(libc_a-localeconv.o)
                              C:/Toolchain/arm-gnu-toolchain-14.2.rel1-mingw-w64-i686-arm-none-eabi/bin/../lib/gcc/arm-none-eabi/14.2.1/thumb/v7e-m+fp/hard\libc_nano.a(libc_a-nano-vfprintf_float.o) (_localeconv_r)
C:/Toolchain/arm-gnu-toolchain-14.2.rel1-mingw-w64-i686-arm-none-eabi/bin/../lib/gcc/arm-none-eabi/14.2.1/thumb/v7e-m+fp/hard\libc_nano.a(libc_a-closer.o)
                              C:/Toolchain/arm-gnu-toolchain-14.2.rel1-mingw-w64-i686-arm-none-eabi/bin/../lib/gcc/arm-none-eabi/14.2.1/thumb/v7e-m+fp/hard\libc_nano.a(libc_a-stdio.o) (_close_r)
C:/Toolchain/arm-gnu-toolchain-14.2.rel1-mingw-w64-i686-arm-none-eabi/bin/../lib/gcc/arm-none-eabi/14.2.1/thumb/v7e-m+fp/hard\libc_nano.a(libc_a-reent.o)
                              C:/Toolchain/arm-gnu-toolchain-14.2.rel1-mingw-w64-i686-arm-none-eabi/bin/../lib/gcc/arm-none-eabi/14.2.1/thumb/v7e-m+fp/hard\libc_nano.a(libc_a-closer.o) (errno)
C:/Toolchain/arm-gnu-toolchain-14.2.rel1-mingw-w64-i686-arm-none-eabi/bin/../lib/gcc/arm-none-eabi/14.2.1/thumb/v7e-m+fp/hard\libc_nano.a(libc_a-impure.o)
                              C:/Toolchain/arm-gnu-toolchain-14.2.rel1-mingw-w64-i686-arm-none-eabi/bin/../lib/gcc/arm-none-eabi/14.2.1/thumb/v7e-m+fp/hard\libc_nano.a(libc_a-reent.o) (_impure_ptr)
C:/Toolchain/arm-gnu-toolchain-14.2.rel1-mingw-w64-i686-arm-none-eabi/bin/../lib/gcc/arm-none-eabi/14.2.1/thumb/v7e-m+fp/hard\libc_nano.a(libc_a-lseekr.o)
                              C:/Toolchain/arm-gnu-toolchain-14.2.rel1-mingw-w64-i686-arm-none-eabi/bin/../lib/gcc/arm-none-eabi/14.2.1/thumb/v7e-m+fp/hard\libc_nano.a(libc_a-stdio.o) (_lseek_r)
C:/Toolchain/arm-gnu-toolchain-14.2.rel1-mingw-w64-i686-arm-none-eabi/bin/../lib/gcc/arm-none-eabi/14.2.1/thumb/v7e-m+fp/hard\libc_nano.a(libc_a-readr.o)
                              C:/Toolchain/arm-gnu-toolchain-14.2.rel1-mingw-w64-i686-arm-none-eabi/bin/../lib/gcc/arm-none-eabi/14.2.1/thumb/v7e-m+fp/hard\libc_nano.a(libc_a-stdio.o) (_read_r)
C:/Toolchain/arm-gnu-toolchain-14.2.rel1-mingw-w64-i686-arm-none-eabi/bin/../lib/gcc/arm-none-eabi/14.2.1/thumb/v7e-m+fp/hard\libc_nano.a(libc_a-writer.o)
                              C:/Toolchain/arm-gnu-toolchain-14.2.rel1-mingw-w64-i686-arm-none-eabi/bin/../lib/gcc/arm-none-eabi/14.2.1/thumb/v7e-m+fp/hard\libc_nano.a(libc_a-stdio.o) (_write_r)
C:/Toolchain/arm-gnu-toolchain-14.2.rel1-mingw-w64-i686-arm-none-eabi/bin/../lib/gcc/arm-none-eabi/14.2.1/thumb/v7e-m+fp/hard\libc_nano.a(libc_a-init.o)
[...]
Memory Configuration

Name             Origin             Length             Attributes
RAM              0x20000000         0x00020000         xrw
CCMRAM           0x10000000         0x00010000         xrw
FLASH            0x08000000         0x00080000         xr
*default*        0x00000000         0xffffffff

Linker script and memory map

LOAD C:/Toolchain/arm-gnu-toolchain-14.2.rel1-mingw-w64-i686-arm-none-eabi/bin/../lib/gcc/arm-none-eabi/14.2.1/thumb/v7e-m+fp/hard/crti.o
LOAD C:/Toolchain/arm-gnu-toolchain-14.2.rel1-mingw-w64-i686-arm-none-eabi/bin/../lib/gcc/arm-none-eabi/14.2.1/thumb/v7e-m+fp/hard/crtbegin.o
LOAD C:/Toolchain/arm-gnu-toolchain-14.2.rel1-mingw-w64-i686-arm-none-eabi/bin/../lib/gcc/arm-none-eabi/14.2.1/thumb/v7e-m+fp/hard/crt0.o
START GROUP
LOAD C:/Toolchain/arm-gnu-toolchain-14.2.rel1-mingw-w64-i686-arm-none-eabi/bin/../lib/gcc/arm-none-eabi/14.2.1/thumb/v7e-m+fp/hard\libc_nano.a
LOAD C:/Toolchain/arm-gnu-toolchain-14.2.rel1-mingw-w64-i686-arm-none-eabi/bin/../lib/gcc/arm-none-eabi/14.2.1/thumb/v7e-m+fp/hard\libm.a
END GROUP
LOAD C:/Toolchain/arm-gnu-toolchain-14.2.rel1-mingw-w64-i686-arm-none-eabi/bin/../lib/gcc/arm-none-eabi/14.2.1/thumb/v7e-m+fp/hard\libm.a
LOAD cmake/stm32cubemx/CMakeFiles/STM32_Drivers.dir/__/__/Core/Src/system_stm32f4xx.c.obj
LOAD cmake/stm32cubemx/CMakeFiles/STM32_Drivers.dir/__/__/Drivers/STM32F4xx_HAL_Driver/Src/stm32f4xx_hal_uart.c.obj
LOAD cmake/stm32cubemx/CMakeFiles/STM32_Drivers.dir/__/__/Drivers/STM32F4xx_HAL_Driver/Src/stm32f4xx_hal_rcc.c.obj
LOAD cmake/stm32cubemx/CMakeFiles/STM32_Drivers.dir/__/__/Drivers/STM32F4xx_HAL_Driver/Src/stm32f4xx_hal_rcc_ex.c.obj
LOAD cmake/stm32cubemx/CMakeFiles/STM32_Drivers.dir/__/__/Drivers/STM32F4xx_HAL_Driver/Src/stm32f4xx_hal_flash.c.obj
LOAD cmake/stm32cubemx/CMakeFiles/STM32_Drivers.dir/__/__/Drivers/STM32F4xx_HAL_Driver/Src/stm32f4xx_hal_flash_ex.c.obj
LOAD cmake/stm32cubemx/CMakeFiles/STM32_Drivers.dir/__/__/Drivers/STM32F4xx_HAL_Driver/Src/stm32f4xx_hal_flash_ramfunc.c.obj
LOAD cmake/stm32cubemx/CMakeFiles/STM32_Drivers.dir/__/__/Drivers/STM32F4xx_HAL_Driver/Src/stm32f4xx_hal_gpio.c.obj
LOAD cmake/stm32cubemx/CMakeFiles/STM32_Drivers.dir/__/__/Drivers/STM32F4xx_HAL_Driver/Src/stm32f4xx_hal_dma_ex.c.obj
LOAD cmake/stm32cubemx/CMakeFiles/STM32_Drivers.dir/__/__/Drivers/STM32F4xx_HAL_Driver/Src/stm32f4xx_hal_dma.c.obj
LOAD cmake/stm32cubemx/CMakeFiles/STM32_Drivers.dir/__/__/Drivers/STM32F4xx_HAL_Driver/Src/stm32f4xx_hal_pwr.c.obj
LOAD cmake/stm32cubemx/CMakeFiles/STM32_Drivers.dir/__/__/Drivers/STM32F4xx_HAL_Driver/Src/stm32f4xx_hal_pwr_ex.c.obj
LOAD cmake/stm32cubemx/CMakeFiles/STM32_Drivers.dir/__/__/Drivers/STM32F4xx_HAL_Driver/Src/stm32f4xx_hal_cortex.c.obj
LOAD cmake/stm32cubemx/CMakeFiles/STM32_Drivers.dir/__/__/Drivers/STM32F4xx_HAL_Driver/Src/stm32f4xx_hal.c.obj
LOAD cmake/stm32cubemx/CMakeFiles/STM32_Drivers.dir/__/__/Drivers/STM32F4xx_HAL_Driver/Src/stm32f4xx_hal_exti.c.obj
LOAD CMakeFiles/led_blink.dir/Core/Src/main.c.obj
LOAD CMakeFiles/led_blink.dir/Core/Src/gpio.c.obj
LOAD CMakeFiles/led_blink.dir/Core/Src/usart.c.obj
LOAD CMakeFiles/led_blink.dir/Core/Src/stm32f4xx_it.c.obj
LOAD CMakeFiles/led_blink.dir/Core/Src/stm32f4xx_hal_msp.c.obj
LOAD CMakeFiles/led_blink.dir/Core/Src/sysmem.c.obj
LOAD CMakeFiles/led_blink.dir/Core/Src/syscalls.c.obj
LOAD CMakeFiles/led_blink.dir/startup_stm32f407xx.s.obj
START GROUP
LOAD C:/Toolchain/arm-gnu-toolchain-14.2.rel1-mingw-w64-i686-arm-none-eabi/bin/../lib/gcc/arm-none-eabi/14.2.1/thumb/v7e-m+fp/hard\libgcc.a
LOAD C:/Toolchain/arm-gnu-toolchain-14.2.rel1-mingw-w64-i686-arm-none-eabi/bin/../lib/gcc/arm-none-eabi/14.2.1/thumb/v7e-m+fp/hard\libg_nano.a
LOAD C:/Toolchain/arm-gnu-toolchain-14.2.rel1-mingw-w64-i686-arm-none-eabi/bin/../lib/gcc/arm-none-eabi/14.2.1/thumb/v7e-m+fp/hard\libc_nano.a
END GROUP
START GROUP
LOAD C:/Toolchain/arm-gnu-toolchain-14.2.rel1-mingw-w64-i686-arm-none-eabi/bin/../lib/gcc/arm-none-eabi/14.2.1/thumb/v7e-m+fp/hard\libgcc.a
LOAD C:/Toolchain/arm-gnu-toolchain-14.2.rel1-mingw-w64-i686-arm-none-eabi/bin/../lib/gcc/arm-none-eabi/14.2.1/thumb/v7e-m+fp/hard\libc_nano.a
END GROUP
LOAD C:/Toolchain/arm-gnu-toolchain-14.2.rel1-mingw-w64-i686-arm-none-eabi/bin/../lib/gcc/arm-none-eabi/14.2.1/thumb/v7e-m+fp/hard/crtend.o
LOAD C:/Toolchain/arm-gnu-toolchain-14.2.rel1-mingw-w64-i686-arm-none-eabi/bin/../lib/gcc/arm-none-eabi/14.2.1/thumb/v7e-m+fp/hard/crtn.o
                0x20020000                        _estack = (ORIGIN (RAM) + LENGTH (RAM))
                0x00000200                        _Min_Heap_Size = 0x200
                0x00000400                        _Min_Stack_Size = 0x400

.isr_vector     0x08000000      0x188
                0x08000000                        . = ALIGN (0x4)
 *(.isr_vector)
 .isr_vector    0x08000000      0x188 CMakeFiles/led_blink.dir/startup_stm32f407xx.s.obj
                0x08000000                g_pfnVectors
                0x08000188                        . = ALIGN (0x4)

.text           0x08000190     0x51e8
                0x08000190                        . = ALIGN (0x4)
 *(.text)
 .text          0x08000190       0xa0 C:/Toolchain/arm-gnu-toolchain-14.2.rel1-mingw-w64-i686-arm-none-eabi/bin/../lib/gcc/arm-none-eabi/14.2.1/thumb/v7e-m+fp/hard\libc_nano.a(libc_a-memchr.o)
                0x08000190                memchr
 .text          0x08000230       0x10 C:/Toolchain/arm-gnu-toolchain-14.2.rel1-mingw-w64-i686-arm-none-eabi/bin/../lib/gcc/arm-none-eabi/14.2.1/thumb/v7e-m+fp/hard\libc_nano.a(libc_a-strlen.o)
                0x08000230                strlen
 .text          0x08000240      0x378 C:/Toolchain/arm-gnu-toolchain-14.2.rel1-mingw-w64-i686-arm-none-eabi/bin/../lib/gcc/arm-none-eabi/14.2.1/thumb/v7e-m+fp/hard\libgcc.a(_arm_addsubdf3.o)
                0x08000240                __aeabi_drsub
                0x08000248                __aeabi_dsub
                0x08000248                __subdf3
                0x0800024c                __aeabi_dadd
                0x0800024c                __adddf3
                0x080004c4                __floatunsidf
                0x080004c4                __aeabi_ui2d
                0x080004e4                __floatsidf
                0x080004e4                __aeabi_i2d
                0x08000508                __aeabi_f2d
                0x08000508                __extendsfdf2
                0x0800054c                __floatundidf
                0x0800054c                __aeabi_ul2d
                0x0800055c                __floatdidf
                0x0800055c                __aeabi_l2d
 .text          0x080005b8      0x424 C:/Toolchain/arm-gnu-toolchain-14.2.rel1-mingw-w64-i686-arm-none-eabi/bin/../lib/gcc/arm-none-eabi/14.2.1/thumb/v7e-m+fp/hard\libgcc.a(_arm_muldivdf3.o)
                0x080005b8                __aeabi_dmul
                0x080005b8                __muldf3
                0x0800080c                __divdf3
                0x0800080c                __aeabi_ddiv
 .text          0x080009dc      0x110 C:/Toolchain/arm-gnu-toolchain-14.2.rel1-mingw-w64-i686-arm-none-eabi/bin/../lib/gcc/arm-none-eabi/14.2.1/thumb/v7e-m+fp/hard\libgcc.a(_arm_cmpdf2.o)
                0x080009dc                __gtdf2
                0x080009dc                __gedf2
                0x080009e4                __ltdf2
                0x080009e4                __ledf2
                0x080009ec                __nedf2
                0x080009ec                __eqdf2
                0x080009ec                __cmpdf2
                0x08000a68                __aeabi_cdrcmple
                0x08000a78                __aeabi_cdcmpeq
                0x08000a78                __aeabi_cdcmple
                0x08000a88                __aeabi_dcmpeq
                0x08000a9c                __aeabi_dcmplt
                0x08000ab0                __aeabi_dcmple
                0x08000ac4                __aeabi_dcmpge
                0x08000ad8                __aeabi_dcmpgt
 .text          0x08000aec       0x2c C:/Toolchain/arm-gnu-toolchain-14.2.rel1-mingw-w64-i686-arm-none-eabi/bin/../lib/gcc/arm-none-eabi/14.2.1/thumb/v7e-m+fp/hard\libgcc.a(_arm_unorddf2.o)
                0x08000aec                __unorddf2
                0x08000aec                __aeabi_dcmpun
 .text          0x08000b18       0x50 C:/Toolchain/arm-gnu-toolchain-14.2.rel1-mingw-w64-i686-arm-none-eabi/bin/../lib/gcc/arm-none-eabi/14.2.1/thumb/v7e-m+fp/hard\libgcc.a(_arm_fixdfsi.o)
                0x08000b18                __aeabi_d2iz
                0x08000b18                __fixdfsi
 .text          0x08000b68       0x30 C:/Toolchain/arm-gnu-toolchain-14.2.rel1-mingw-w64-i686-arm-none-eabi/bin/../lib/gcc/arm-none-eabi/14.2.1/thumb/v7e-m+fp/hard\libgcc.a(_aeabi_uldivmod.o)
                0x08000b68                __aeabi_uldivmod
 .text          0x08000b98        0x4 C:/Toolchain/arm-gnu-toolchain-14.2.rel1-mingw-w64-i686-arm-none-eabi/bin/../lib/gcc/arm-none-eabi/14.2.1/thumb/v7e-m+fp/hard\libgcc.a(_dvmd_tls.o)
                0x08000b98                __aeabi_idiv0
                0x08000b98                __aeabi_ldiv0
 *(.text*)
 .text.deregister_tm_clones
                0x08000b9c       0x1c C:/Toolchain/arm-gnu-toolchain-14.2.rel1-mingw-w64-i686-arm-none-eabi/bin/../lib/gcc/arm-none-eabi/14.2.1/thumb/v7e-m+fp/hard/crtbegin.o
 .text.register_tm_clones
                0x08000bb8       0x24 C:/Toolchain/arm-gnu-toolchain-14.2.rel1-mingw-w64-i686-arm-none-eabi/bin/../lib/gcc/arm-none-eabi/14.2.1/thumb/v7e-m+fp/hard/crtbegin.o
 .text.__do_global_dtors_aux
                0x08000bdc       0x28 C:/Toolchain/arm-gnu-toolchain-14.2.rel1-mingw-w64-i686-arm-none-eabi/bin/../lib/gcc/arm-none-eabi/14.2.1/thumb/v7e-m+fp/hard/crtbegin.o
 .text.frame_dummy
                0x08000c04       0x24 C:/Toolchain/arm-gnu-toolchain-14.2.rel1-mingw-w64-i686-arm-none-eabi/bin/../lib/gcc/arm-none-eabi/14.2.1/thumb/v7e-m+fp/hard/crtbegin.o
 .text.__cvt    0x08000c28       0xca C:/Toolchain/arm-gnu-toolchain-14.2.rel1-mingw-w64-i686-arm-none-eabi/bin/../lib/gcc/arm-none-eabi/14.2.1/thumb/v7e-m+fp/hard\libc_nano.a(libc_a-nano-vfprintf_float.o)
                0x08000c28                __cvt
 .text.__exponent
                0x08000cf2       0x74 C:/Toolchain/arm-gnu-toolchain-14.2.rel1-mingw-w64-i686-arm-none-eabi/bin/../lib/gcc/arm-none-eabi/14.2.1/thumb/v7e-m+fp/hard\libc_nano.a(libc_a-nano-vfprintf_float.o)
                0x08000cf2                __exponent
 *fill*         0x08000d66        0x2 
 .text._printf_float
                0x08000d68      0x450 C:/Toolchain/arm-gnu-toolchain-14.2.rel1-mingw-w64-i686-arm-none-eabi/bin/../lib/gcc/arm-none-eabi/14.2.1/thumb/v7e-m+fp/hard\libc_nano.a(libc_a-nano-vfprintf_float.o)
                0x08000d68                _printf_float
 .text._printf_common
                0x080011b8       0xda C:/Toolchain/arm-gnu-toolchain-14.2.rel1-mingw-w64-i686-arm-none-eabi/bin/../lib/gcc/arm-none-eabi/14.2.1/thumb/v7e-m+fp/hard\libc_nano.a(libc_a-nano-vfprintf_i.o)
                0x080011b8                _printf_common
 *fill*         0x08001292        0x2 
 .text._printf_i
                0x08001294      0x240 C:/Toolchain/arm-gnu-toolchain-14.2.rel1-mingw-w64-i686-arm-none-eabi/bin/../lib/gcc/arm-none-eabi/14.2.1/thumb/v7e-m+fp/hard\libc_nano.a(libc_a-nano-vfprintf_i.o)
                0x08001294                _printf_i
 .text.std      0x080014d4       0x6c C:/Toolchain/arm-gnu-toolchain-14.2.rel1-mingw-w64-i686-arm-none-eabi/bin/../lib/gcc/arm-none-eabi/14.2.1/thumb/v7e-m+fp/hard\libc_nano.a(libc_a-findfp.o)
 .text.stdio_exit_handler
                0x08001540       0x18 C:/Toolchain/arm-gnu-toolchain-14.2.rel1-mingw-w64-i686-arm-none-eabi/bin/../lib/gcc/arm-none-eabi/14.2.1/thumb/v7e-m+fp/hard\libc_nano.a(libc_a-findfp.o)
 .text.cleanup_stdio
                0x08001558       0x40 C:/Toolchain/arm-gnu-toolchain-14.2.rel1-mingw-w64-i686-arm-none-eabi/bin/../lib/gcc/arm-none-eabi/14.2.1/thumb/v7e-m+fp/hard\libc_nano.a(libc_a-findfp.o)
 .text.global_stdio_init.part.0
                0x08001598       0x40 C:/Toolchain/arm-gnu-toolchain-14.2.rel1-mingw-w64-i686-arm-none-eabi/bin/../lib/gcc/arm-none-eabi/14.2.1/thumb/v7e-m+fp/hard\libc_nano.a(libc_a-findfp.o)
 .text.__sfp_lock_acquire
                0x080015d8        0xc C:/Toolchain/arm-gnu-toolchain-14.2.rel1-mingw-w64-i686-arm-none-eabi/bin/../lib/gcc/arm-none-eabi/14.2.1/thumb/v7e-m+fp/hard\libc_nano.a(libc_a-findfp.o)
                0x080015d8                __sfp_lock_acquire
 .text.__sfp_lock_release
                0x080015e4        0xc C:/Toolchain/arm-gnu-toolchain-14.2.rel1-mingw-w64-i686-arm-none-eabi/bin/../lib/gcc/arm-none-eabi/14.2.1/thumb/v7e-m+fp/hard\libc_nano.a(libc_a-findfp.o)
                0x080015e4                __sfp_lock_release
 .text.__sinit  0x080015f0       0x30 C:/Toolchain/arm-gnu-toolchain-14.2.rel1-mingw-w64-i686-arm-none-eabi/bin/../lib/gcc/arm-none-eabi/14.2.1/thumb/v7e-m+fp/hard\libc_nano.a(libc_a-findfp.o)
                0x080015f0                __sinit
 .text._fwalk_sglue
                0x08001620       0x3c C:/Toolchain/arm-gnu-toolchain-14.2.rel1-mingw-w64-i686-arm-none-eabi/bin/../lib/gcc/arm-none-eabi/14.2.1/thumb/v7e-m+fp/hard\libc_nano.a(libc_a-fwalk.o)
                0x08001620                _fwalk_sglue
 .text.__sread  0x0800165c       0x22 C:/Toolchain/arm-gnu-toolchain-14.2.rel1-mingw-w64-i686-arm-none-eabi/bin/../lib/gcc/arm-none-eabi/14.2.1/thumb/v7e-m+fp/hard\libc_nano.a(libc_a-stdio.o)
                0x0800165c                __sread
 .text.__swrite
                0x0800167e       0x38 C:/Toolchain/arm-gnu-toolchain-14.2.rel1-mingw-w64-i686-arm-none-eabi/bin/../lib/gcc/arm-none-eabi/14.2.1/thumb/v7e-m+fp/hard\libc_nano.a(libc_a-stdio.o)
                0x0800167e                __swrite
 .text.__sseek  0x080016b6       0x26 C:/Toolchain/arm-gnu-toolchain-14.2.rel1-mingw-w64-i686-arm-none-eabi/bin/../lib/gcc/arm-none-eabi/14.2.1/thumb/v7e-m+fp/hard\libc_nano.a(libc_a-stdio.o)
                0x080016b6                __sseek
 .text.__sclose
                0x080016dc        0x8 C:/Toolchain/arm-gnu-toolchain-14.2.rel1-mingw-w64-i686-arm-none-eabi/bin/../lib/gcc/arm-none-eabi/14.2.1/thumb/v7e-m+fp/hard\libc_nano.a(libc_a-stdio.o)
                0x080016dc                __sclose
 .text.memset   0x080016e4       0x10 C:/Toolchain/arm-gnu-toolchain-14.2.rel1-mingw-w64-i686-arm-none-eabi/bin/../lib/gcc/arm-none-eabi/14.2.1/thumb/v7e-m+fp/hard\libc_nano.a(libc_a-memset.o)
                0x080016e4                memset
 .text._localeconv_r
                0x080016f4        0x8 C:/Toolchain/arm-gnu-toolchain-14.2.rel1-mingw-w64-i686-arm-none-eabi/bin/../lib/gcc/arm-none-eabi/14.2.1/thumb/v7e-m+fp/hard\libc_nano.a(libc_a-localeconv.o)
                0x080016f4                _localeconv_r
 .text._close_r
                0x080016fc       0x20 C:/Toolchain/arm-gnu-toolchain-14.2.rel1-mingw-w64-i686-arm-none-eabi/bin/../lib/gcc/arm-none-eabi/14.2.1/thumb/v7e-m+fp/hard\libc_nano.a(libc_a-closer.o)
                0x080016fc                _close_r
 .text._lseek_r
                0x0800171c       0x24 C:/Toolchain/arm-gnu-toolchain-14.2.rel1-mingw-w64-i686-arm-none-eabi/bin/../lib/gcc/arm-none-eabi/14.2.1/thumb/v7e-m+fp/hard\libc_nano.a(libc_a-lseekr.o)
                0x0800171c                _lseek_r
 .text._read_r  0x08001740       0x24 C:/Toolchain/arm-gnu-toolchain-14.2.rel1-mingw-w64-i686-arm-none-eabi/bin/../lib/gcc/arm-none-eabi/14.2.1/thumb/v7e-m+fp/hard\libc_nano.a(libc_a-readr.o)
                0x08001740                _read_r
 .text._write_r
                0x08001764       0x24 C:/Toolchain/arm-gnu-toolchain-14.2.rel1-mingw-w64-i686-arm-none-eabi/bin/../lib/gcc/arm-none-eabi/14.2.1/thumb/v7e-m+fp/hard\libc_nano.a(libc_a-writer.o)
                0x08001764                _write_r
 .text.__libc_init_array
                0x08001788       0x48 C:/Toolchain/arm-gnu-toolchain-14.2.rel1-mingw-w64-i686-arm-none-eabi/bin/../lib/gcc/arm-none-eabi/14.2.1/thumb/v7e-m+fp/hard\libc_nano.a(libc_a-init.o)
                0x08001788                __libc_init_array
 .text.__retarget_lock_init_recursive
                0x080017d0        0x2 C:/Toolchain/arm-gnu-toolchain-14.2.rel1-mingw-w64-i686-arm-none-eabi/bin/../lib/gcc/arm-none-eabi/14.2.1/thumb/v7e-m+fp/hard\libc_nano.a(libc_a-lock.o)
                0x080017d0                __retarget_lock_init_recursive
 .text.__retarget_lock_acquire_recursive
                0x080017d2        0x2 C:/Toolchain/arm-gnu-toolchain-14.2.rel1-mingw-w64-i686-arm-none-eabi/bin/../lib/gcc/arm-none-eabi/14.2.1/thumb/v7e-m+fp/hard\libc_nano.a(libc_a-lock.o)
                0x080017d2                __retarget_lock_acquire_recursive
 .text.__retarget_lock_release_recursive
                0x080017d4        0x2 C:/Toolchain/arm-gnu-toolchain-14.2.rel1-mingw-w64-i686-arm-none-eabi/bin/../lib/gcc/arm-none-eabi/14.2.1/thumb/v7e-m+fp/hard\libc_nano.a(libc_a-lock.o)
                0x080017d4                __retarget_lock_release_recursive
 .text.quorem   0x080017d6      0x110 C:/Toolchain/arm-gnu-toolchain-14.2.rel1-mingw-w64-i686-arm-none-eabi/bin/../lib/gcc/arm-none-eabi/14.2.1/thumb/v7e-m+fp/hard\libc_nano.a(libc_a-dtoa.o)
 *fill*         0x080018e6        0x2 
 .text._dtoa_r  0x080018e8      0xbc0 C:/Toolchain/arm-gnu-toolchain-14.2.rel1-mingw-w64-i686-arm-none-eabi/bin/../lib/gcc/arm-none-eabi/14.2.1/thumb/v7e-m+fp/hard\libc_nano.a(libc_a-dtoa.o)
                0x080018e8                _dtoa_r
 .text._free_r  0x080024a8       0x94 C:/Toolchain/arm-gnu-toolchain-14.2.rel1-mingw-w64-i686-arm-none-eabi/bin/../lib/gcc/arm-none-eabi/14.2.1/thumb/v7e-m+fp/hard\libc_nano.a(libc_a-freer.o)
                0x080024a8                _free_r
 .text.malloc   0x0800253c       0x10 C:/Toolchain/arm-gnu-toolchain-14.2.rel1-mingw-w64-i686-arm-none-eabi/bin/../lib/gcc/arm-none-eabi/14.2.1/thumb/v7e-m+fp/hard\libc_nano.a(libc_a-malloc.o)
                0x0800253c                malloc
 .text.sbrk_aligned
                0x0800254c       0x44 C:/Toolchain/arm-gnu-toolchain-14.2.rel1-mingw-w64-i686-arm-none-eabi/bin/../lib/gcc/arm-none-eabi/14.2.1/thumb/v7e-m+fp/hard\libc_nano.a(libc_a-mallocr.o)
 .text._malloc_r
                0x08002590      0x100 C:/Toolchain/arm-gnu-toolchain-14.2.rel1-mingw-w64-i686-arm-none-eabi/bin/../lib/gcc/arm-none-eabi/14.2.1/thumb/v7e-m+fp/hard\libc_nano.a(libc_a-mallocr.o)
                0x08002590                _malloc_r
 .text.__malloc_lock
                0x08002690        0xc C:/Toolchain/arm-gnu-toolchain-14.2.rel1-mingw-w64-i686-arm-none-eabi/bin/../lib/gcc/arm-none-eabi/14.2.1/thumb/v7e-m+fp/hard\libc_nano.a(libc_a-mlock.o)
                0x08002690                __malloc_lock
 .text.__malloc_unlock
                0x0800269c        0xc C:/Toolchain/arm-gnu-toolchain-14.2.rel1-mingw-w64-i686-arm-none-eabi/bin/../lib/gcc/arm-none-eabi/14.2.1/thumb/v7e-m+fp/hard\libc_nano.a(libc_a-mlock.o)
                0x0800269c                __malloc_unlock
 .text._Balloc  0x080026a8       0x7c C:/Toolchain/arm-gnu-toolchain-14.2.rel1-mingw-w64-i686-arm-none-eabi/bin/../lib/gcc/arm-none-eabi/14.2.1/thumb/v7e-m+fp/hard\libc_nano.a(libc_a-mprec.o)
                0x080026a8                _Balloc
 .text._Bfree   0x08002724       0x44 C:/Toolchain/arm-gnu-toolchain-14.2.rel1-mingw-w64-i686-arm-none-eabi/bin/../lib/gcc/arm-none-eabi/14.2.1/thumb/v7e-m+fp/hard\libc_nano.a(libc_a-mprec.o)
                0x08002724                _Bfree
 .text.__multadd
                0x08002768       0x8c C:/Toolchain/arm-gnu-toolchain-14.2.rel1-mingw-w64-i686-arm-none-eabi/bin/../lib/gcc/arm-none-eabi/14.2.1/thumb/v7e-m+fp/hard\libc_nano.a(libc_a-mprec.o)
                0x08002768                __multadd
 .text.__hi0bits
                0x080027f4       0x3e C:/Toolchain/arm-gnu-toolchain-14.2.rel1-mingw-w64-i686-arm-none-eabi/bin/../lib/gcc/arm-none-eabi/14.2.1/thumb/v7e-m+fp/hard\libc_nano.a(libc_a-mprec.o)
                0x080027f4                __hi0bits
 .text.__lo0bits
                0x08002832       0x5a C:/Toolchain/arm-gnu-toolchain-14.2.rel1-mingw-w64-i686-arm-none-eabi/bin/../lib/gcc/arm-none-eabi/14.2.1/thumb/v7e-m+fp/hard\libc_nano.a(libc_a-mprec.o)
                0x08002832                __lo0bits
 .text.__i2b    0x0800288c       0x2c C:/Toolchain/arm-gnu-toolchain-14.2.rel1-mingw-w64-i686-arm-none-eabi/bin/../lib/gcc/arm-none-eabi/14.2.1/thumb/v7e-m+fp/hard\libc_nano.a(libc_a-mprec.o)
                0x0800288c                __i2b
 .text.__multiply
                0x080028b8      0x154 C:/Toolchain/arm-gnu-toolchain-14.2.rel1-mingw-w64-i686-arm-none-eabi/bin/../lib/gcc/arm-none-eabi/14.2.1/thumb/v7e-m+fp/hard\libc_nano.a(libc_a-mprec.o)
                0x080028b8                __multiply
 .text.__pow5mult
                0x08002a0c       0xb8 C:/Toolchain/arm-gnu-toolchain-14.2.rel1-mingw-w64-i686-arm-none-eabi/bin/../lib/gcc/arm-none-eabi/14.2.1/thumb/v7e-m+fp/hard\libc_nano.a(libc_a-mprec.o)
                0x08002a0c                __pow5mult
 .text.__lshift
                0x08002ac4       0xdc C:/Toolchain/arm-gnu-toolchain-14.2.rel1-mingw-w64-i686-arm-none-eabi/bin/../lib/gcc/arm-none-eabi/14.2.1/thumb/v7e-m+fp/hard\libc_nano.a(libc_a-mprec.o)
                0x08002ac4                __lshift
 .text.__mcmp   0x08002ba0       0x36 C:/Toolchain/arm-gnu-toolchain-14.2.rel1-mingw-w64-i686-arm-none-eabi/bin/../lib/gcc/arm-none-eabi/14.2.1/thumb/v7e-m+fp/hard\libc_nano.a(libc_a-mprec.o)
                0x08002ba0                __mcmp
 *fill*         0x08002bd6        0x2 
 .text.__mdiff  0x08002bd8      0x130 C:/Toolchain/arm-gnu-toolchain-14.2.rel1-mingw-w64-i686-arm-none-eabi/bin/../lib/gcc/arm-none-eabi/14.2.1/thumb/v7e-m+fp/hard\libc_nano.a(libc_a-mprec.o)
                0x08002bd8                __mdiff
 .text.__d2b    0x08002d08       0xb0 C:/Toolchain/arm-gnu-toolchain-14.2.rel1-mingw-w64-i686-arm-none-eabi/bin/../lib/gcc/arm-none-eabi/14.2.1/thumb/v7e-m+fp/hard\libc_nano.a(libc_a-mprec.o)
                0x08002d08                __d2b
 .text.__sflush_r
                0x08002db8      0x104 C:/Toolchain/arm-gnu-toolchain-14.2.rel1-mingw-w64-i686-arm-none-eabi/bin/../lib/gcc/arm-none-eabi/14.2.1/thumb/v7e-m+fp/hard\libc_nano.a(libc_a-fflush.o)
                0x08002db8                __sflush_r
 .text._fflush_r
                0x08002ebc       0x50 C:/Toolchain/arm-gnu-toolchain-14.2.rel1-mingw-w64-i686-arm-none-eabi/bin/../lib/gcc/arm-none-eabi/14.2.1/thumb/v7e-m+fp/hard\libc_nano.a(libc_a-fflush.o)
                0x08002ebc                _fflush_r
 .text._sbrk_r  0x08002f0c       0x20 C:/Toolchain/arm-gnu-toolchain-14.2.rel1-mingw-w64-i686-arm-none-eabi/bin/../lib/gcc/arm-none-eabi/14.2.1/thumb/v7e-m+fp/hard\libc_nano.a(libc_a-sbrkr.o)
                0x08002f0c                _sbrk_r
 .text.memcpy   0x08002f2c       0x1c C:/Toolchain/arm-gnu-toolchain-14.2.rel1-mingw-w64-i686-arm-none-eabi/bin/../lib/gcc/arm-none-eabi/14.2.1/thumb/v7e-m+fp/hard\libc_nano.a(libc_a-memcpy-stub.o)
                0x08002f2c                memcpy
 .text.__assert_func
                0x08002f48       0x3c C:/Toolchain/arm-gnu-toolchain-14.2.rel1-mingw-w64-i686-arm-none-eabi/bin/../lib/gcc/arm-none-eabi/14.2.1/thumb/v7e-m+fp/hard\libc_nano.a(libc_a-assert.o)
                0x08002f48                __assert_func
 .text._calloc_r
                0x08002f84       0x28 C:/Toolchain/arm-gnu-toolchain-14.2.rel1-mingw-w64-i686-arm-none-eabi/bin/../lib/gcc/arm-none-eabi/14.2.1/thumb/v7e-m+fp/hard\libc_nano.a(libc_a-callocr.o)
                0x08002f84                _calloc_r
 .text.__ascii_mbtowc
                0x08002fac       0x24 C:/Toolchain/arm-gnu-toolchain-14.2.rel1-mingw-w64-i686-arm-none-eabi/bin/../lib/gcc/arm-none-eabi/14.2.1/thumb/v7e-m+fp/hard\libc_nano.a(libc_a-mbtowc_r.o)
                0x08002fac                __ascii_mbtowc
 .text.__ascii_wctomb
                0x08002fd0       0x1a C:/Toolchain/arm-gnu-toolchain-14.2.rel1-mingw-w64-i686-arm-none-eabi/bin/../lib/gcc/arm-none-eabi/14.2.1/thumb/v7e-m+fp/hard\libc_nano.a(libc_a-wctomb_r.o)
                0x08002fd0                __ascii_wctomb
 *fill*         0x08002fea        0x2 
 .text.fprintf  0x08002fec       0x24 C:/Toolchain/arm-gnu-toolchain-14.2.rel1-mingw-w64-i686-arm-none-eabi/bin/../lib/gcc/arm-none-eabi/14.2.1/thumb/v7e-m+fp/hard\libc_nano.a(libc_a-fprintf.o)
                0x08002fec                fiprintf
                0x08002fec                fprintf
 .text.abort    0x08003010        0xe C:/Toolchain/arm-gnu-toolchain-14.2.rel1-mingw-w64-i686-arm-none-eabi/bin/../lib/gcc/arm-none-eabi/14.2.1/thumb/v7e-m+fp/hard\libc_nano.a(libc_a-abort.o)
                0x08003010                abort
 .text.__sfputc_r
                0x0800301e       0x2e C:/Toolchain/arm-gnu-toolchain-14.2.rel1-mingw-w64-i686-arm-none-eabi/bin/../lib/gcc/arm-none-eabi/14.2.1/thumb/v7e-m+fp/hard\libc_nano.a(libc_a-nano-vfprintf.o)
 .text.__sfputs_r
                0x0800304c       0x24 C:/Toolchain/arm-gnu-toolchain-14.2.rel1-mingw-w64-i686-arm-none-eabi/bin/../lib/gcc/arm-none-eabi/14.2.1/thumb/v7e-m+fp/hard\libc_nano.a(libc_a-nano-vfprintf.o)
                0x0800304c                __sfputs_r
 .text._vfprintf_r
                0x08003070      0x230 C:/Toolchain/arm-gnu-toolchain-14.2.rel1-mingw-w64-i686-arm-none-eabi/bin/../lib/gcc/arm-none-eabi/14.2.1/thumb/v7e-m+fp/hard\libc_nano.a(libc_a-nano-vfprintf.o)
                0x08003070                _vfprintf_r
                0x08003070                _vfiprintf_r
 .text.__swbuf_r
                0x080032a0       0x7c C:/Toolchain/arm-gnu-toolchain-14.2.rel1-mingw-w64-i686-arm-none-eabi/bin/../lib/gcc/arm-none-eabi/14.2.1/thumb/v7e-m+fp/hard\libc_nano.a(libc_a-wbuf.o)
                0x080032a0                __swbuf_r
 .text.__swsetup_r
                0x0800331c       0xa8 C:/Toolchain/arm-gnu-toolchain-14.2.rel1-mingw-w64-i686-arm-none-eabi/bin/../lib/gcc/arm-none-eabi/14.2.1/thumb/v7e-m+fp/hard\libc_nano.a(libc_a-wsetup.o)
                0x0800331c                __swsetup_r
 .text._raise_r
                0x080033c4       0x50 C:/Toolchain/arm-gnu-toolchain-14.2.rel1-mingw-w64-i686-arm-none-eabi/bin/../lib/gcc/arm-none-eabi/14.2.1/thumb/v7e-m+fp/hard\libc_nano.a(libc_a-signal.o)
                0x080033c4                _raise_r
 .text.raise    0x08003414       0x10 C:/Toolchain/arm-gnu-toolchain-14.2.rel1-mingw-w64-i686-arm-none-eabi/bin/../lib/gcc/arm-none-eabi/14.2.1/thumb/v7e-m+fp/hard\libc_nano.a(libc_a-signal.o)
                0x08003414                raise
 .text._kill_r  0x08003424       0x24 C:/Toolchain/arm-gnu-toolchain-14.2.rel1-mingw-w64-i686-arm-none-eabi/bin/../lib/gcc/arm-none-eabi/14.2.1/thumb/v7e-m+fp/hard\libc_nano.a(libc_a-signalr.o)
                0x08003424                _kill_r
 .text._getpid_r
                0x08003448        0x4 C:/Toolchain/arm-gnu-toolchain-14.2.rel1-mingw-w64-i686-arm-none-eabi/bin/../lib/gcc/arm-none-eabi/14.2.1/thumb/v7e-m+fp/hard\libc_nano.a(libc_a-signalr.o)
                0x08003448                _getpid_r
 .text.__swhatbuf_r
                0x0800344c       0x48 C:/Toolchain/arm-gnu-toolchain-14.2.rel1-mingw-w64-i686-arm-none-eabi/bin/../lib/gcc/arm-none-eabi/14.2.1/thumb/v7e-m+fp/hard\libc_nano.a(libc_a-makebuf.o)
                0x0800344c                __swhatbuf_r
 .text.__smakebuf_r
                0x08003494       0x72 C:/Toolchain/arm-gnu-toolchain-14.2.rel1-mingw-w64-i686-arm-none-eabi/bin/../lib/gcc/arm-none-eabi/14.2.1/thumb/v7e-m+fp/hard\libc_nano.a(libc_a-makebuf.o)
                0x08003494                __smakebuf_r
 *fill*         0x08003506        0x2 
 .text._fstat_r
                0x08003508       0x24 C:/Toolchain/arm-gnu-toolchain-14.2.rel1-mingw-w64-i686-arm-none-eabi/bin/../lib/gcc/arm-none-eabi/14.2.1/thumb/v7e-m+fp/hard\libc_nano.a(libc_a-fstatr.o)
                0x08003508                _fstat_r
 .text._isatty_r
                0x0800352c       0x20 C:/Toolchain/arm-gnu-toolchain-14.2.rel1-mingw-w64-i686-arm-none-eabi/bin/../lib/gcc/arm-none-eabi/14.2.1/thumb/v7e-m+fp/hard\libc_nano.a(libc_a-isattyr.o)
                0x0800352c                _isatty_r
 .text.SystemInit
                0x0800354c       0x24 cmake/stm32cubemx/CMakeFiles/STM32_Drivers.dir/__/__/Core/Src/system_stm32f4xx.c.obj
                0x0800354c                SystemInit
 .text.HAL_UART_Init
                0x08003570       0xa0 cmake/stm32cubemx/CMakeFiles/STM32_Drivers.dir/__/__/Drivers/STM32F4xx_HAL_Driver/Src/stm32f4xx_hal_uart.c.obj
                0x08003570                HAL_UART_Init
 .text.UART_SetConfig
                0x08003610      0x4e8 cmake/stm32cubemx/CMakeFiles/STM32_Drivers.dir/__/__/Drivers/STM32F4xx_HAL_Driver/Src/stm32f4xx_hal_uart.c.obj
 .text.HAL_RCC_OscConfig
                0x08003af8      0x4f0 cmake/stm32cubemx/CMakeFiles/STM32_Drivers.dir/__/__/Drivers/STM32F4xx_HAL_Driver/Src/stm32f4xx_hal_rcc.c.obj
                0x08003af8                HAL_RCC_OscConfig
 .text.HAL_RCC_ClockConfig
                0x08003fe8      0x1cc cmake/stm32cubemx/CMakeFiles/STM32_Drivers.dir/__/__/Drivers/STM32F4xx_HAL_Driver/Src/stm32f4xx_hal_rcc.c.obj
                0x08003fe8                HAL_RCC_ClockConfig
 .text.HAL_RCC_GetSysClockFreq
                0x080041b4      0x20c cmake/stm32cubemx/CMakeFiles/STM32_Drivers.dir/__/__/Drivers/STM32F4xx_HAL_Driver/Src/stm32f4xx_hal_rcc.c.obj
                0x080041b4                HAL_RCC_GetSysClockFreq
 .text.HAL_RCC_GetHCLKFreq
                0x080043c0       0x18 cmake/stm32cubemx/CMakeFiles/STM32_Drivers.dir/__/__/Drivers/STM32F4xx_HAL_Driver/Src/stm32f4xx_hal_rcc.c.obj
                0x080043c0                HAL_RCC_GetHCLKFreq
 .text.HAL_RCC_GetPCLK1Freq
                0x080043d8       0x28 cmake/stm32cubemx/CMakeFiles/STM32_Drivers.dir/__/__/Drivers/STM32F4xx_HAL_Driver/Src/stm32f4xx_hal_rcc.c.obj
                0x080043d8                HAL_RCC_GetPCLK1Freq
 .text.HAL_RCC_GetPCLK2Freq
                0x08004400       0x28 cmake/stm32cubemx/CMakeFiles/STM32_Drivers.dir/__/__/Drivers/STM32F4xx_HAL_Driver/Src/stm32f4xx_hal_rcc.c.obj
                0x08004400                HAL_RCC_GetPCLK2Freq
 .text.HAL_GPIO_Init
                0x08004428      0x338 cmake/stm32cubemx/CMakeFiles/STM32_Drivers.dir/__/__/Drivers/STM32F4xx_HAL_Driver/Src/stm32f4xx_hal_gpio.c.obj
                0x08004428                HAL_GPIO_Init
 .text.HAL_GPIO_WritePin
                0x08004760       0x32 cmake/stm32cubemx/CMakeFiles/STM32_Drivers.dir/__/__/Drivers/STM32F4xx_HAL_Driver/Src/stm32f4xx_hal_gpio.c.obj
                0x08004760                HAL_GPIO_WritePin
 .text.HAL_GPIO_TogglePin
                0x08004792       0x34 cmake/stm32cubemx/CMakeFiles/STM32_Drivers.dir/__/__/Drivers/STM32F4xx_HAL_Driver/Src/stm32f4xx_hal_gpio.c.obj
                0x08004792                HAL_GPIO_TogglePin
 *fill*         0x080047c6        0x2 
 .text.__NVIC_SetPriorityGrouping
                0x080047c8       0x48 cmake/stm32cubemx/CMakeFiles/STM32_Drivers.dir/__/__/Drivers/STM32F4xx_HAL_Driver/Src/stm32f4xx_hal_cortex.c.obj
 .text.__NVIC_GetPriorityGrouping
                0x08004810       0x1c cmake/stm32cubemx/CMakeFiles/STM32_Drivers.dir/__/__/Drivers/STM32F4xx_HAL_Driver/Src/stm32f4xx_hal_cortex.c.obj
 .text.__NVIC_SetPriority
                0x0800482c       0x54 cmake/stm32cubemx/CMakeFiles/STM32_Drivers.dir/__/__/Drivers/STM32F4xx_HAL_Driver/Src/stm32f4xx_hal_cortex.c.obj
 .text.NVIC_EncodePriority
                0x08004880       0x66 cmake/stm32cubemx/CMakeFiles/STM32_Drivers.dir/__/__/Drivers/STM32F4xx_HAL_Driver/Src/stm32f4xx_hal_cortex.c.obj
 *fill*         0x080048e6        0x2 
 .text.SysTick_Config
                0x080048e8       0x44 cmake/stm32cubemx/CMakeFiles/STM32_Drivers.dir/__/__/Drivers/STM32F4xx_HAL_Driver/Src/stm32f4xx_hal_cortex.c.obj
 .text.HAL_NVIC_SetPriorityGrouping
                0x0800492c       0x16 cmake/stm32cubemx/CMakeFiles/STM32_Drivers.dir/__/__/Drivers/STM32F4xx_HAL_Driver/Src/stm32f4xx_hal_cortex.c.obj
                0x0800492c                HAL_NVIC_SetPriorityGrouping
 .text.HAL_NVIC_SetPriority
                0x08004942       0x38 cmake/stm32cubemx/CMakeFiles/STM32_Drivers.dir/__/__/Drivers/STM32F4xx_HAL_Driver/Src/stm32f4xx_hal_cortex.c.obj
                0x08004942                HAL_NVIC_SetPriority
 .text.HAL_SYSTICK_Config
                0x0800497a       0x18 cmake/stm32cubemx/CMakeFiles/STM32_Drivers.dir/__/__/Drivers/STM32F4xx_HAL_Driver/Src/stm32f4xx_hal_cortex.c.obj
                0x0800497a                HAL_SYSTICK_Config
 *fill*         0x08004992        0x2 
 .text.HAL_Init
                0x08004994       0x44 cmake/stm32cubemx/CMakeFiles/STM32_Drivers.dir/__/__/Drivers/STM32F4xx_HAL_Driver/Src/stm32f4xx_hal.c.obj
                0x08004994                HAL_Init
 .text.HAL_InitTick
                0x080049d8       0x60 cmake/stm32cubemx/CMakeFiles/STM32_Drivers.dir/__/__/Drivers/STM32F4xx_HAL_Driver/Src/stm32f4xx_hal.c.obj
                0x080049d8                HAL_InitTick
 .text.HAL_IncTick
                0x08004a38       0x28 cmake/stm32cubemx/CMakeFiles/STM32_Drivers.dir/__/__/Drivers/STM32F4xx_HAL_Driver/Src/stm32f4xx_hal.c.obj
                0x08004a38                HAL_IncTick
 .text.HAL_GetTick
                0x08004a60       0x18 cmake/stm32cubemx/CMakeFiles/STM32_Drivers.dir/__/__/Drivers/STM32F4xx_HAL_Driver/Src/stm32f4xx_hal.c.obj
                0x08004a60                HAL_GetTick
 .text.HAL_Delay
                0x08004a78       0x48 cmake/stm32cubemx/CMakeFiles/STM32_Drivers.dir/__/__/Drivers/STM32F4xx_HAL_Driver/Src/stm32f4xx_hal.c.obj
                0x08004a78                HAL_Delay
 .text.main     0x08004ac0       0x70 CMakeFiles/led_blink.dir/Core/Src/main.c.obj
                0x08004ac0                main
 .text.SystemClock_Config
                0x08004b30       0xd4 CMakeFiles/led_blink.dir/Core/Src/main.c.obj
                0x08004b30                SystemClock_Config
 .text.Error_Handler
                0x08004c04        0xc CMakeFiles/led_blink.dir/Core/Src/main.c.obj
                0x08004c04                Error_Handler
 .text.MX_GPIO_Init
                0x08004c10       0xa0 CMakeFiles/led_blink.dir/Core/Src/gpio.c.obj
                0x08004c10                MX_GPIO_Init
 .text.MX_USART1_UART_Init
                0x08004cb0       0x54 CMakeFiles/led_blink.dir/Core/Src/usart.c.obj
                0x08004cb0                MX_USART1_UART_Init
 .text.HAL_UART_MspInit
                0x08004d04       0x90 CMakeFiles/led_blink.dir/Core/Src/usart.c.obj
                0x08004d04                HAL_UART_MspInit
 .text._write   0x08004d94       0x4c CMakeFiles/led_blink.dir/Core/Src/usart.c.obj
                0x08004d94                _write
 .text.NMI_Handler
                0x08004de0        0x8 CMakeFiles/led_blink.dir/Core/Src/stm32f4xx_it.c.obj
                0x08004de0                NMI_Handler
 .text.HardFault_Handler
                0x08004de8        0x8 CMakeFiles/led_blink.dir/Core/Src/stm32f4xx_it.c.obj
                0x08004de8                HardFault_Handler
 .text.MemManage_Handler
                0x08004df0        0x8 CMakeFiles/led_blink.dir/Core/Src/stm32f4xx_it.c.obj
                0x08004df0                MemManage_Handler
 .text.BusFault_Handler
                0x08004df8        0x8 CMakeFiles/led_blink.dir/Core/Src/stm32f4xx_it.c.obj
                0x08004df8                BusFault_Handler
 .text.UsageFault_Handler
                0x08004e00        0x8 CMakeFiles/led_blink.dir/Core/Src/stm32f4xx_it.c.obj
                0x08004e00                UsageFault_Handler
 .text.SVC_Handler
                0x08004e08        0xe CMakeFiles/led_blink.dir/Core/Src/stm32f4xx_it.c.obj
                0x08004e08                SVC_Handler
 .text.DebugMon_Handler
                0x08004e16        0xe CMakeFiles/led_blink.dir/Core/Src/stm32f4xx_it.c.obj
                0x08004e16                DebugMon_Handler
 .text.PendSV_Handler
                0x08004e24        0xe CMakeFiles/led_blink.dir/Core/Src/stm32f4xx_it.c.obj
                0x08004e24                PendSV_Handler
 .text.SysTick_Handler
                0x08004e32        0xc CMakeFiles/led_blink.dir/Core/Src/stm32f4xx_it.c.obj
                0x08004e32                SysTick_Handler
 *fill*         0x08004e3e        0x2 
 .text.HAL_MspInit
                0x08004e40       0x50 CMakeFiles/led_blink.dir/Core/Src/stm32f4xx_hal_msp.c.obj
                0x08004e40                HAL_MspInit
 .text._sbrk    0x08004e90       0x6c CMakeFiles/led_blink.dir/Core/Src/sysmem.c.obj
                0x08004e90                _sbrk
 .text._getpid  0x08004efc       0x10 CMakeFiles/led_blink.dir/Core/Src/syscalls.c.obj
                0x08004efc                _getpid
 .text._kill    0x08004f0c       0x20 CMakeFiles/led_blink.dir/Core/Src/syscalls.c.obj
                0x08004f0c                _kill
 .text._exit    0x08004f2c       0x16 CMakeFiles/led_blink.dir/Core/Src/syscalls.c.obj
                0x08004f2c                _exit
 .text._read    0x08004f42       0x3a CMakeFiles/led_blink.dir/Core/Src/syscalls.c.obj
                0x08004f42                _read
 .text._close   0x08004f7c       0x18 CMakeFiles/led_blink.dir/Core/Src/syscalls.c.obj
                0x08004f7c                _close
 .text._fstat   0x08004f94       0x20 CMakeFiles/led_blink.dir/Core/Src/syscalls.c.obj
                0x08004f94                _fstat
 .text._isatty  0x08004fb4       0x16 CMakeFiles/led_blink.dir/Core/Src/syscalls.c.obj
                0x08004fb4                _isatty
 .text._lseek   0x08004fca       0x1a CMakeFiles/led_blink.dir/Core/Src/syscalls.c.obj
                0x08004fca                _lseek
 .text.Reset_Handler
                0x08004fe4       0x50 CMakeFiles/led_blink.dir/startup_stm32f407xx.s.obj
                0x08004fe4                Reset_Handler
 .text.Default_Handler
                0x08005034        0x2 CMakeFiles/led_blink.dir/startup_stm32f407xx.s.obj
                0x08005034                RTC_Alarm_IRQHandler
                0x08005034                HASH_RNG_IRQHandler
                0x08005034                EXTI2_IRQHandler
                0x08005034                TIM8_CC_IRQHandler
                0x08005034                TIM1_CC_IRQHandler
                0x08005034                DMA2_Stream5_IRQHandler
                0x08005034                DMA1_Stream5_IRQHandler
                0x08005034                PVD_IRQHandler
                0x08005034                SDIO_IRQHandler
                0x08005034                TAMP_STAMP_IRQHandler
                0x08005034                CAN2_RX1_IRQHandler
                0x08005034                EXTI3_IRQHandler
                0x08005034                TIM8_TRG_COM_TIM14_IRQHandler
                0x08005034                TIM1_UP_TIM10_IRQHandler
                0x08005034                TIM8_UP_TIM13_IRQHandler
                0x08005034                I2C3_ER_IRQHandler
                0x08005034                EXTI0_IRQHandler
                0x08005034                I2C2_EV_IRQHandler
                0x08005034                DMA1_Stream2_IRQHandler
                0x08005034                CAN1_RX0_IRQHandler
                0x08005034                FPU_IRQHandler
                0x08005034                OTG_HS_WKUP_IRQHandler
                0x08005034                CAN2_SCE_IRQHandler
                0x08005034                DMA2_Stream2_IRQHandler
                0x08005034                SPI1_IRQHandler
                0x08005034                TIM6_DAC_IRQHandler
                0x08005034                TIM1_BRK_TIM9_IRQHandler
                0x08005034                DCMI_IRQHandler
                0x08005034                CAN2_RX0_IRQHandler
                0x08005034                DMA2_Stream3_IRQHandler
                0x08005034                USART6_IRQHandler
                0x08005034                USART3_IRQHandler
                0x08005034                CAN1_RX1_IRQHandler
                0x08005034                UART5_IRQHandler
                0x08005034                DMA2_Stream0_IRQHandler
                0x08005034                TIM4_IRQHandler
                0x08005034                I2C1_EV_IRQHandler
                0x08005034                DMA1_Stream6_IRQHandler
                0x08005034                DMA1_Stream1_IRQHandler
                0x08005034                UART4_IRQHandler
                0x08005034                TIM3_IRQHandler
                0x08005034                RCC_IRQHandler
                0x08005034                TIM8_BRK_TIM12_IRQHandler
                0x08005034                Default_Handler
                0x08005034                EXTI15_10_IRQHandler
                0x08005034                ADC_IRQHandler
                0x08005034                DMA1_Stream7_IRQHandler
                0x08005034                TIM7_IRQHandler
                0x08005034                CAN2_TX_IRQHandler
                0x08005034                TIM5_IRQHandler
                0x08005034                DMA2_Stream7_IRQHandler
                0x08005034                I2C3_EV_IRQHandler
                0x08005034                EXTI9_5_IRQHandler
                0x08005034                RTC_WKUP_IRQHandler
                0x08005034                ETH_WKUP_IRQHandler
                0x08005034                SPI2_IRQHandler
                0x08005034                OTG_HS_EP1_IN_IRQHandler
                0x08005034                DMA1_Stream0_IRQHandler
                0x08005034                CAN1_TX_IRQHandler
                0x08005034                EXTI4_IRQHandler
                0x08005034                FSMC_IRQHandler
                0x08005034                ETH_IRQHandler
                0x08005034                OTG_HS_EP1_OUT_IRQHandler
                0x08005034                WWDG_IRQHandler
                0x08005034                TIM2_IRQHandler
                0x08005034                OTG_FS_WKUP_IRQHandler
                0x08005034                TIM1_TRG_COM_TIM11_IRQHandler
                0x08005034                OTG_HS_IRQHandler
                0x08005034                EXTI1_IRQHandler
                0x08005034                USART2_IRQHandler
                0x08005034                I2C2_ER_IRQHandler
                0x08005034                DMA2_Stream1_IRQHandler
                0x08005034                CAN1_SCE_IRQHandler
                0x08005034                FLASH_IRQHandler
                0x08005034                DMA2_Stream4_IRQHandler
                0x08005034                USART1_IRQHandler
                0x08005034                OTG_FS_IRQHandler
                0x08005034                SPI3_IRQHandler
                0x08005034                DMA1_Stream4_IRQHandler
                0x08005034                I2C1_ER_IRQHandler
                0x08005034                DMA2_Stream6_IRQHandler
                0x08005034                DMA1_Stream3_IRQHandler
 *fill*         0x08005036        0x2 
 .text.__udivmoddi4
                0x08005038      0x2f8 C:/Toolchain/arm-gnu-toolchain-14.2.rel1-mingw-w64-i686-arm-none-eabi/bin/../lib/gcc/arm-none-eabi/14.2.1/thumb/v7e-m+fp/hard\libgcc.a(_udivmoddi4.o)
                0x08005038                __udivmoddi4
 .text.printf   0x08005330       0x24 C:/Toolchain/arm-gnu-toolchain-14.2.rel1-mingw-w64-i686-arm-none-eabi/bin/../lib/gcc/arm-none-eabi/14.2.1/thumb/v7e-m+fp/hard\libg_nano.a(libc_a-printf.o)
                0x08005330                iprintf
                0x08005330                printf
 .text.__errno  0x08005354        0xc C:/Toolchain/arm-gnu-toolchain-14.2.rel1-mingw-w64-i686-arm-none-eabi/bin/../lib/gcc/arm-none-eabi/14.2.1/thumb/v7e-m+fp/hard\libg_nano.a(libc_a-errno.o)
                0x08005354                __errno
 *(.glue_7)
 .glue_7        0x08005360        0x0 linker stubs
 *(.glue_7t)
 .glue_7t       0x08005360        0x0 linker stubs
 *(.eh_frame)
 .eh_frame      0x08005360        0x0 C:/Toolchain/arm-gnu-toolchain-14.2.rel1-mingw-w64-i686-arm-none-eabi/bin/../lib/gcc/arm-none-eabi/14.2.1/thumb/v7e-m+fp/hard/crtbegin.o
 *(.init)
 .init          0x08005360        0x4 C:/Toolchain/arm-gnu-toolchain-14.2.rel1-mingw-w64-i686-arm-none-eabi/bin/../lib/gcc/arm-none-eabi/14.2.1/thumb/v7e-m+fp/hard/crti.o
                0x08005360                _init
 .init          0x08005364        0x8 C:/Toolchain/arm-gnu-toolchain-14.2.rel1-mingw-w64-i686-arm-none-eabi/bin/../lib/gcc/arm-none-eabi/14.2.1/thumb/v7e-m+fp/hard/crtn.o
 *(.fini)
 .fini          0x0800536c        0x4 C:/Toolchain/arm-gnu-toolchain-14.2.rel1-mingw-w64-i686-arm-none-eabi/bin/../lib/gcc/arm-none-eabi/14.2.1/thumb/v7e-m+fp/hard/crti.o
                0x0800536c                _fini
 .fini          0x08005370        0x8 C:/Toolchain/arm-gnu-toolchain-14.2.rel1-mingw-w64-i686-arm-none-eabi/bin/../lib/gcc/arm-none-eabi/14.2.1/thumb/v7e-m+fp/hard/crtn.o
                0x08005378                        . = ALIGN (0x4)
                0x08005378                        _etext = .

.vfp11_veneer   0x08005378        0x0
 .vfp11_veneer  0x08005378        0x0 linker stubs

.v4_bx          0x08005378        0x0
 .v4_bx         0x08005378        0x0 linker stubs

.iplt           0x08005378        0x0
 .iplt          0x08005378        0x0 C:/Toolchain/arm-gnu-toolchain-14.2.rel1-mingw-w64-i686-arm-none-eabi/bin/../lib/gcc/arm-none-eabi/14.2.1/thumb/v7e-m+fp/hard/crtbegin.o

.rodata         0x08005378      0x3b4
                0x08005378                        . = ALIGN (0x4)
 *(.rodata)
 .rodata        0x08005378       0x28 CMakeFiles/led_blink.dir/Core/Src/main.c.obj
 *(.rodata*)
 .rodata._printf_float.str1.1
                0x080053a0      0x173 C:/Toolchain/arm-gnu-toolchain-14.2.rel1-mingw-w64-i686-arm-none-eabi/bin/../lib/gcc/arm-none-eabi/14.2.1/thumb/v7e-m+fp/hard\libc_nano.a(libc_a-nano-vfprintf_float.o)
                                 0x12 (size before relaxing)
 .rodata._printf_i.str1.1
                0x08005513       0x22 C:/Toolchain/arm-gnu-toolchain-14.2.rel1-mingw-w64-i686-arm-none-eabi/bin/../lib/gcc/arm-none-eabi/14.2.1/thumb/v7e-m+fp/hard\libc_nano.a(libc_a-nano-vfprintf_i.o)
 .rodata._dtoa_r.str1.1
                0x08005513       0x90 C:/Toolchain/arm-gnu-toolchain-14.2.rel1-mingw-w64-i686-arm-none-eabi/bin/../lib/gcc/arm-none-eabi/14.2.1/thumb/v7e-m+fp/hard\libc_nano.a(libc_a-dtoa.o)
 .rodata._Balloc.str1.1
                0x08005513       0x71 C:/Toolchain/arm-gnu-toolchain-14.2.rel1-mingw-w64-i686-arm-none-eabi/bin/../lib/gcc/arm-none-eabi/14.2.1/thumb/v7e-m+fp/hard\libc_nano.a(libc_a-mprec.o)
 .rodata.__multadd.str1.1
                0x08005513       0x11 C:/Toolchain/arm-gnu-toolchain-14.2.rel1-mingw-w64-i686-arm-none-eabi/bin/../lib/gcc/arm-none-eabi/14.2.1/thumb/v7e-m+fp/hard\libc_nano.a(libc_a-mprec.o)
 *fill*         0x08005513        0x1 
 .rodata.p05.0  0x08005514        0xc C:/Toolchain/arm-gnu-toolchain-14.2.rel1-mingw-w64-i686-arm-none-eabi/bin/../lib/gcc/arm-none-eabi/14.2.1/thumb/v7e-m+fp/hard\libc_nano.a(libc_a-mprec.o)
 .rodata.__mprec_bigtens
                0x08005520       0x28 C:/Toolchain/arm-gnu-toolchain-14.2.rel1-mingw-w64-i686-arm-none-eabi/bin/../lib/gcc/arm-none-eabi/14.2.1/thumb/v7e-m+fp/hard\libc_nano.a(libc_a-mprec.o)
                0x08005520                __mprec_bigtens
 .rodata.__mprec_tens
                0x08005548       0xc8 C:/Toolchain/arm-gnu-toolchain-14.2.rel1-mingw-w64-i686-arm-none-eabi/bin/../lib/gcc/arm-none-eabi/14.2.1/thumb/v7e-m+fp/hard\libc_nano.a(libc_a-mprec.o)
                0x08005548                __mprec_tens
 .rodata._setlocale_r.str1.1
                0x08005610        0x9 C:/Toolchain/arm-gnu-toolchain-14.2.rel1-mingw-w64-i686-arm-none-eabi/bin/../lib/gcc/arm-none-eabi/14.2.1/thumb/v7e-m+fp/hard\libc_nano.a(libc_a-locale.o)
 .rodata.str1.1
                0x08005610        0x2 C:/Toolchain/arm-gnu-toolchain-14.2.rel1-mingw-w64-i686-arm-none-eabi/bin/../lib/gcc/arm-none-eabi/14.2.1/thumb/v7e-m+fp/hard\libc_nano.a(libc_a-locale.o)
 .rodata.__assert_func.str1.1
                0x08005610       0x3d C:/Toolchain/arm-gnu-toolchain-14.2.rel1-mingw-w64-i686-arm-none-eabi/bin/../lib/gcc/arm-none-eabi/14.2.1/thumb/v7e-m+fp/hard\libc_nano.a(libc_a-assert.o)
 .rodata._ctype_
                0x08005610      0x101 C:/Toolchain/arm-gnu-toolchain-14.2.rel1-mingw-w64-i686-arm-none-eabi/bin/../lib/gcc/arm-none-eabi/14.2.1/thumb/v7e-m+fp/hard\libc_nano.a(libc_a-ctype_.o)
                0x08005610                _ctype_
 .rodata._vfprintf_r.str1.1
                0x08005711       0x11 C:/Toolchain/arm-gnu-toolchain-14.2.rel1-mingw-w64-i686-arm-none-eabi/bin/../lib/gcc/arm-none-eabi/14.2.1/thumb/v7e-m+fp/hard\libc_nano.a(libc_a-nano-vfprintf.o)
 *fill*         0x08005711        0x3 
 .rodata.AHBPrescTable
                0x08005714       0x10 cmake/stm32cubemx/CMakeFiles/STM32_Drivers.dir/__/__/Core/Src/system_stm32f4xx.c.obj
                0x08005714                AHBPrescTable
 .rodata.APBPrescTable
                0x08005724        0x8 cmake/stm32cubemx/CMakeFiles/STM32_Drivers.dir/__/__/Core/Src/system_stm32f4xx.c.obj
                0x08005724                APBPrescTable
                0x0800572c                        . = ALIGN (0x4)

.ARM.extab      0x0800572c        0x0
                0x0800572c                        . = ALIGN (0x4)
 *(.ARM.extab* .gnu.linkonce.armextab.*)
                0x0800572c                        . = ALIGN (0x4)

.ARM            0x0800572c        0x8
                0x0800572c                        . = ALIGN (0x4)
                0x0800572c                        __exidx_start = .
 *(.ARM.exidx*)
 .ARM.exidx     0x0800572c        0x8 C:/Toolchain/arm-gnu-toolchain-14.2.rel1-mingw-w64-i686-arm-none-eabi/bin/../lib/gcc/arm-none-eabi/14.2.1/thumb/v7e-m+fp/hard\libc_nano.a(libc_a-memchr.o)
 .ARM.exidx     0x08005734        0x0 C:/Toolchain/arm-gnu-toolchain-14.2.rel1-mingw-w64-i686-arm-none-eabi/bin/../lib/gcc/arm-none-eabi/14.2.1/thumb/v7e-m+fp/hard\libc_nano.a(libc_a-strlen.o)
                                  0x8 (size before relaxing)
 .ARM.exidx.text.__udivmoddi4
                0x08005734        0x0 C:/Toolchain/arm-gnu-toolchain-14.2.rel1-mingw-w64-i686-arm-none-eabi/bin/../lib/gcc/arm-none-eabi/14.2.1/thumb/v7e-m+fp/hard\libgcc.a(_udivmoddi4.o)
                                  0x8 (size before relaxing)
                0x08005734                        __exidx_end = .
                0x08005734                        . = ALIGN (0x4)

.preinit_array  0x08005734        0x0
                0x08005734                        . = ALIGN (0x4)
                0x08005734                        PROVIDE (__preinit_array_start = .)
 *(.preinit_array*)
                0x08005734                        PROVIDE (__preinit_array_end = .)
                0x08005734                        . = ALIGN (0x4)

.init_array     0x08005734        0x4
                0x08005734                        . = ALIGN (0x4)
                0x08005734                        PROVIDE (__init_array_start = .)
 *(SORT_BY_NAME(.init_array.*))
 *(.init_array*)
 .init_array    0x08005734        0x4 C:/Toolchain/arm-gnu-toolchain-14.2.rel1-mingw-w64-i686-arm-none-eabi/bin/../lib/gcc/arm-none-eabi/14.2.1/thumb/v7e-m+fp/hard/crtbegin.o
                0x08005738                        PROVIDE (__init_array_end = .)
                0x08005738                        . = ALIGN (0x4)

.fini_array     0x08005738        0x4
                0x08005738                        . = ALIGN (0x4)
                [!provide]                        PROVIDE (__fini_array_start = .)
 *(SORT_BY_NAME(.fini_array.*))
 *(.fini_array*)
 .fini_array    0x08005738        0x4 C:/Toolchain/arm-gnu-toolchain-14.2.rel1-mingw-w64-i686-arm-none-eabi/bin/../lib/gcc/arm-none-eabi/14.2.1/thumb/v7e-m+fp/hard/crtbegin.o
                [!provide]                        PROVIDE (__fini_array_end = .)
                0x0800573c                        . = ALIGN (0x4)
                0x0800573c                        _sidata = LOADADDR (.data)

.rel.dyn        0x0800573c        0x0
 .rel.iplt      0x0800573c        0x0 C:/Toolchain/arm-gnu-toolchain-14.2.rel1-mingw-w64-i686-arm-none-eabi/bin/../lib/gcc/arm-none-eabi/14.2.1/thumb/v7e-m+fp/hard/crtbegin.o

.data           0x20000000      0x1d4 load address 0x0800573c
                0x20000000                        . = ALIGN (0x4)
                0x20000000                        _sdata = .
 *(.data)
 *(.data*)
 .data.__sglue  0x20000000        0xc C:/Toolchain/arm-gnu-toolchain-14.2.rel1-mingw-w64-i686-arm-none-eabi/bin/../lib/gcc/arm-none-eabi/14.2.1/thumb/v7e-m+fp/hard\libc_nano.a(libc_a-findfp.o)
                0x20000000                __sglue
 .data._impure_ptr
                0x2000000c        0x4 C:/Toolchain/arm-gnu-toolchain-14.2.rel1-mingw-w64-i686-arm-none-eabi/bin/../lib/gcc/arm-none-eabi/14.2.1/thumb/v7e-m+fp/hard\libc_nano.a(libc_a-impure.o)
                0x2000000c                _impure_ptr
 .data._impure_data
                0x20000010       0x4c C:/Toolchain/arm-gnu-toolchain-14.2.rel1-mingw-w64-i686-arm-none-eabi/bin/../lib/gcc/arm-none-eabi/14.2.1/thumb/v7e-m+fp/hard\libc_nano.a(libc_a-impure.o)
                0x20000010                _impure_data
 .data.__global_locale
                0x2000005c      0x16c C:/Toolchain/arm-gnu-toolchain-14.2.rel1-mingw-w64-i686-arm-none-eabi/bin/../lib/gcc/arm-none-eabi/14.2.1/thumb/v7e-m+fp/hard\libc_nano.a(libc_a-locale.o)
                0x2000005c                __global_locale
 .data.SystemCoreClock
                0x200001c8        0x4 cmake/stm32cubemx/CMakeFiles/STM32_Drivers.dir/__/__/Core/Src/system_stm32f4xx.c.obj
                0x200001c8                SystemCoreClock
 .data.uwTickPrio
                0x200001cc        0x4 cmake/stm32cubemx/CMakeFiles/STM32_Drivers.dir/__/__/Drivers/STM32F4xx_HAL_Driver/Src/stm32f4xx_hal.c.obj
                0x200001cc                uwTickPrio
 .data.uwTickFreq
                0x200001d0        0x1 cmake/stm32cubemx/CMakeFiles/STM32_Drivers.dir/__/__/Drivers/STM32F4xx_HAL_Driver/Src/stm32f4xx_hal.c.obj
                0x200001d0                uwTickFreq
 *(.RamFunc)
 *(.RamFunc*)
                0x200001d4                        . = ALIGN (0x4)
 *fill*         0x200001d1        0x3 
                0x200001d4                        _edata = .
                0x08005910                        _siccmram = LOADADDR (.ccmram)

.tm_clone_table
                0x200001d4        0x0 load address 0x08005910
 .tm_clone_table
                0x200001d4        0x0 C:/Toolchain/arm-gnu-toolchain-14.2.rel1-mingw-w64-i686-arm-none-eabi/bin/../lib/gcc/arm-none-eabi/14.2.1/thumb/v7e-m+fp/hard/crtbegin.o
 .tm_clone_table
                0x200001d4        0x0 C:/Toolchain/arm-gnu-toolchain-14.2.rel1-mingw-w64-i686-arm-none-eabi/bin/../lib/gcc/arm-none-eabi/14.2.1/thumb/v7e-m+fp/hard/crtend.o

.igot.plt       0x200001d4        0x0 load address 0x08005910
 .igot.plt      0x200001d4        0x0 C:/Toolchain/arm-gnu-toolchain-14.2.rel1-mingw-w64-i686-arm-none-eabi/bin/../lib/gcc/arm-none-eabi/14.2.1/thumb/v7e-m+fp/hard/crtbegin.o

.ccmram         0x10000000        0x0 load address 0x08005910
                0x10000000                        . = ALIGN (0x4)
                0x10000000                        _sccmram = .
 *(.ccmram)
 *(.ccmram*)
                0x10000000                        . = ALIGN (0x4)
                0x10000000                        _eccmram = .
                0x10000000                        . = ALIGN (0x4)

.bss            0x200001d4      0x1bc
                0x200001d4                        _sbss = .
                0x200001d4                        __bss_start__ = _sbss
 *(.bss)
 *(.bss*)
 .bss.completed.1
                0x200001d4        0x1 C:/Toolchain/arm-gnu-toolchain-14.2.rel1-mingw-w64-i686-arm-none-eabi/bin/../lib/gcc/arm-none-eabi/14.2.1/thumb/v7e-m+fp/hard/crtbegin.o
 *fill*         0x200001d5        0x3 
 .bss.object.0  0x200001d8       0x18 C:/Toolchain/arm-gnu-toolchain-14.2.rel1-mingw-w64-i686-arm-none-eabi/bin/../lib/gcc/arm-none-eabi/14.2.1/thumb/v7e-m+fp/hard/crtbegin.o
 .bss.__sf      0x200001f0      0x138 C:/Toolchain/arm-gnu-toolchain-14.2.rel1-mingw-w64-i686-arm-none-eabi/bin/../lib/gcc/arm-none-eabi/14.2.1/thumb/v7e-m+fp/hard\libc_nano.a(libc_a-findfp.o)
                0x200001f0                __sf
 .bss.__stdio_exit_handler
                0x20000328        0x4 C:/Toolchain/arm-gnu-toolchain-14.2.rel1-mingw-w64-i686-arm-none-eabi/bin/../lib/gcc/arm-none-eabi/14.2.1/thumb/v7e-m+fp/hard\libc_nano.a(libc_a-findfp.o)
                0x20000328                __stdio_exit_handler
 .bss.errno     0x2000032c        0x4 C:/Toolchain/arm-gnu-toolchain-14.2.rel1-mingw-w64-i686-arm-none-eabi/bin/../lib/gcc/arm-none-eabi/14.2.1/thumb/v7e-m+fp/hard\libc_nano.a(libc_a-reent.o)
                0x2000032c                errno
 .bss.__lock___malloc_recursive_mutex
                0x20000330        0x1 C:/Toolchain/arm-gnu-toolchain-14.2.rel1-mingw-w64-i686-arm-none-eabi/bin/../lib/gcc/arm-none-eabi/14.2.1/thumb/v7e-m+fp/hard\libc_nano.a(libc_a-lock.o)
                0x20000330                __lock___malloc_recursive_mutex
 .bss.__lock___sfp_recursive_mutex
                0x20000331        0x1 C:/Toolchain/arm-gnu-toolchain-14.2.rel1-mingw-w64-i686-arm-none-eabi/bin/../lib/gcc/arm-none-eabi/14.2.1/thumb/v7e-m+fp/hard\libc_nano.a(libc_a-lock.o)
                0x20000331                __lock___sfp_recursive_mutex
 *fill*         0x20000332        0x2 
 .bss.__malloc_sbrk_start
                0x20000334        0x4 C:/Toolchain/arm-gnu-toolchain-14.2.rel1-mingw-w64-i686-arm-none-eabi/bin/../lib/gcc/arm-none-eabi/14.2.1/thumb/v7e-m+fp/hard\libc_nano.a(libc_a-mallocr.o)
                0x20000334                __malloc_sbrk_start
 .bss.__malloc_free_list
                0x20000338        0x4 C:/Toolchain/arm-gnu-toolchain-14.2.rel1-mingw-w64-i686-arm-none-eabi/bin/../lib/gcc/arm-none-eabi/14.2.1/thumb/v7e-m+fp/hard\libc_nano.a(libc_a-mallocr.o)
                0x20000338                __malloc_free_list
 .bss.uwTick    0x2000033c        0x4 cmake/stm32cubemx/CMakeFiles/STM32_Drivers.dir/__/__/Drivers/STM32F4xx_HAL_Driver/Src/stm32f4xx_hal.c.obj
                0x2000033c                uwTick
 .bss.test_cnt  0x20000340        0x2 CMakeFiles/led_blink.dir/Core/Src/main.c.obj
                0x20000340                test_cnt
 *fill*         0x20000342        0x2 
 .bss.huart1    0x20000344       0x48 CMakeFiles/led_blink.dir/Core/Src/usart.c.obj
                0x20000344                huart1
 .bss.__sbrk_heap_end
                0x2000038c        0x4 CMakeFiles/led_blink.dir/Core/Src/sysmem.c.obj
 *(COMMON)
                0x20000390                        . = ALIGN (0x4)
                0x20000390                        _ebss = .
                0x20000390                        __bss_end__ = _ebss

._user_heap_stack
                0x20000390      0x600
                0x20000390                        . = ALIGN (0x8)
                [!provide]                        PROVIDE (end = .)
                0x20000390                        PROVIDE (_end = .)
                0x20000590                        . = (. + _Min_Heap_Size)
 *fill*         0x20000390      0x200 
                0x20000990                        . = (. + _Min_Stack_Size)
 *fill*         0x20000590      0x400 
                0x20000990                        . = ALIGN (0x8)

/DISCARD/
 libc.a(*)
 libm.a(*)
 libgcc.a(*)
OUTPUT(led_blink.elf elf32-littlearm)
LOAD linker stubs
LOAD C:/Toolchain/arm-gnu-toolchain-14.2.rel1-mingw-w64-i686-arm-none-eabi/bin/../lib/gcc/arm-none-eabi/14.2.1/thumb/v7e-m+fp/hard\libc.a
LOAD C:/Toolchain/arm-gnu-toolchain-14.2.rel1-mingw-w64-i686-arm-none-eabi/bin/../lib/gcc/arm-none-eabi/14.2.1/thumb/v7e-m+fp/hard\libm.a
LOAD C:/Toolchain/arm-gnu-toolchain-14.2.rel1-mingw-w64-i686-arm-none-eabi/bin/../lib/gcc/arm-none-eabi/14.2.1/thumb/v7e-m+fp/hard\libgcc.a

.ARM.attributes
                0x00000000       0x30
 .ARM.attributes
                0x00000000       0x22 C:/Toolchain/arm-gnu-toolchain-14.2.rel1-mingw-w64-i686-arm-none-eabi/bin/../lib/gcc/arm-none-eabi/14.2.1/thumb/v7e-m+fp/hard/crti.o
 .ARM.attributes
                0x00000022       0x34 C:/Toolchain/arm-gnu-toolchain-14.2.rel1-mingw-w64-i686-arm-none-eabi/bin/../lib/gcc/arm-none-eabi/14.2.1/thumb/v7e-m+fp/hard/crtbegin.o
 .ARM.attributes
                0x00000056       0x34 C:/Toolchain/arm-gnu-toolchain-14.2.rel1-mingw-w64-i686-arm-none-eabi/bin/../lib/gcc/arm-none-eabi/14.2.1/thumb/v7e-m+fp/hard\libc_nano.a(libc_a-nano-vfprintf_float.o)
 .ARM.attributes
                0x0000008a       0x34 C:/Toolchain/arm-gnu-toolchain-14.2.rel1-mingw-w64-i686-arm-none-eabi/bin/../lib/gcc/arm-none-eabi/14.2.1/thumb/v7e-m+fp/hard\libc_nano.a(libc_a-nano-vfprintf_i.o)
 .ARM.attributes
                0x000000be       0x34 C:/Toolchain/arm-gnu-toolchain-14.2.rel1-mingw-w64-i686-arm-none-eabi/bin/../lib/gcc/arm-none-eabi/14.2.1/thumb/v7e-m+fp/hard\libc_nano.a(libc_a-findfp.o)
 .ARM.attributes
                0x000000f2       0x34 C:/Toolchain/arm-gnu-toolchain-14.2.rel1-mingw-w64-i686-arm-none-eabi/bin/../lib/gcc/arm-none-eabi/14.2.1/thumb/v7e-m+fp/hard\libc_nano.a(libc_a-fwalk.o)
 .ARM.attributes
                0x00000126       0x34 C:/Toolchain/arm-gnu-toolchain-14.2.rel1-mingw-w64-i686-arm-none-eabi/bin/../lib/gcc/arm-none-eabi/14.2.1/thumb/v7e-m+fp/hard\libc_nano.a(libc_a-stdio.o)
 .ARM.attributes
                0x0000015a       0x34 C:/Toolchain/arm-gnu-toolchain-14.2.rel1-mingw-w64-i686-arm-none-eabi/bin/../lib/gcc/arm-none-eabi/14.2.1/thumb/v7e-m+fp/hard\libc_nano.a(libc_a-memset.o)
 .ARM.attributes
                0x0000018e       0x34 C:/Toolchain/arm-gnu-toolchain-14.2.rel1-mingw-w64-i686-arm-none-eabi/bin/../lib/gcc/arm-none-eabi/14.2.1/thumb/v7e-m+fp/hard\libc_nano.a(libc_a-localeconv.o)
 .ARM.attributes
                0x000001c2       0x34 C:/Toolchain/arm-gnu-toolchain-14.2.rel1-mingw-w64-i686-arm-none-eabi/bin/../lib/gcc/arm-none-eabi/14.2.1/thumb/v7e-m+fp/hard\libc_nano.a(libc_a-closer.o)
 .ARM.attributes
                0x000001f6       0x34 C:/Toolchain/arm-gnu-toolchain-14.2.rel1-mingw-w64-i686-arm-none-eabi/bin/../lib/gcc/arm-none-eabi/14.2.1/thumb/v7e-m+fp/hard\libc_nano.a(libc_a-reent.o)
 .ARM.attributes
                0x0000022a       0x34 C:/Toolchain/arm-gnu-toolchain-14.2.rel1-mingw-w64-i686-arm-none-eabi/bin/../lib/gcc/arm-none-eabi/14.2.1/thumb/v7e-m+fp/hard\libc_nano.a(libc_a-impure.o)
 .ARM.attributes
                0x0000025e       0x34 C:/Toolchain/arm-gnu-toolchain-14.2.rel1-mingw-w64-i686-arm-none-eabi/bin/../lib/gcc/arm-none-eabi/14.2.1/thumb/v7e-m+fp/hard\libc_nano.a(libc_a-lseekr.o)
 .ARM.attributes
                0x00000292       0x34 C:/Toolchain/arm-gnu-toolchain-14.2.rel1-mingw-w64-i686-arm-none-eabi/bin/../lib/gcc/arm-none-eabi/14.2.1/thumb/v7e-m+fp/hard\libc_nano.a(libc_a-readr.o)
 .ARM.attributes
                0x000002c6       0x34 C:/Toolchain/arm-gnu-toolchain-14.2.rel1-mingw-w64-i686-arm-none-eabi/bin/../lib/gcc/arm-none-eabi/14.2.1/thumb/v7e-m+fp/hard\libc_nano.a(libc_a-writer.o)
 .ARM.attributes
                0x000002fa       0x34 C:/Toolchain/arm-gnu-toolchain-14.2.rel1-mingw-w64-i686-arm-none-eabi/bin/../lib/gcc/arm-none-eabi/14.2.1/thumb/v7e-m+fp/hard\libc_nano.a(libc_a-init.o)
 .ARM.attributes
                0x0000032e       0x34 C:/Toolchain/arm-gnu-toolchain-14.2.rel1-mingw-w64-i686-arm-none-eabi/bin/../lib/gcc/arm-none-eabi/14.2.1/thumb/v7e-m+fp/hard\libc_nano.a(libc_a-lock.o)
 .ARM.attributes
                0x00000362       0x1c C:/Toolchain/arm-gnu-toolchain-14.2.rel1-mingw-w64-i686-arm-none-eabi/bin/../lib/gcc/arm-none-eabi/14.2.1/thumb/v7e-m+fp/hard\libc_nano.a(libc_a-memchr.o)
 .ARM.attributes
                0x0000037e       0x17 C:/Toolchain/arm-gnu-toolchain-14.2.rel1-mingw-w64-i686-arm-none-eabi/bin/../lib/gcc/arm-none-eabi/14.2.1/thumb/v7e-m+fp/hard\libc_nano.a(libc_a-strlen.o)
 .ARM.attributes
                0x00000395       0x34 C:/Toolchain/arm-gnu-toolchain-14.2.rel1-mingw-w64-i686-arm-none-eabi/bin/../lib/gcc/arm-none-eabi/14.2.1/thumb/v7e-m+fp/hard\libc_nano.a(libc_a-dtoa.o)
 .ARM.attributes
                0x000003c9       0x34 C:/Toolchain/arm-gnu-toolchain-14.2.rel1-mingw-w64-i686-arm-none-eabi/bin/../lib/gcc/arm-none-eabi/14.2.1/thumb/v7e-m+fp/hard\libc_nano.a(libc_a-freer.o)
 .ARM.attributes
                0x000003fd       0x34 C:/Toolchain/arm-gnu-toolchain-14.2.rel1-mingw-w64-i686-arm-none-eabi/bin/../lib/gcc/arm-none-eabi/14.2.1/thumb/v7e-m+fp/hard\libc_nano.a(libc_a-malloc.o)
 .ARM.attributes
                0x00000431       0x34 C:/Toolchain/arm-gnu-toolchain-14.2.rel1-mingw-w64-i686-arm-none-eabi/bin/../lib/gcc/arm-none-eabi/14.2.1/thumb/v7e-m+fp/hard\libc_nano.a(libc_a-mallocr.o)
 .ARM.attributes
                0x00000465       0x34 C:/Toolchain/arm-gnu-toolchain-14.2.rel1-mingw-w64-i686-arm-none-eabi/bin/../lib/gcc/arm-none-eabi/14.2.1/thumb/v7e-m+fp/hard\libc_nano.a(libc_a-mlock.o)
 .ARM.attributes
                0x00000499       0x34 C:/Toolchain/arm-gnu-toolchain-14.2.rel1-mingw-w64-i686-arm-none-eabi/bin/../lib/gcc/arm-none-eabi/14.2.1/thumb/v7e-m+fp/hard\libc_nano.a(libc_a-mprec.o)
 .ARM.attributes
                0x000004cd       0x34 C:/Toolchain/arm-gnu-toolchain-14.2.rel1-mingw-w64-i686-arm-none-eabi/bin/../lib/gcc/arm-none-eabi/14.2.1/thumb/v7e-m+fp/hard\libc_nano.a(libc_a-fflush.o)
 .ARM.attributes
                0x00000501       0x34 C:/Toolchain/arm-gnu-toolchain-14.2.rel1-mingw-w64-i686-arm-none-eabi/bin/../lib/gcc/arm-none-eabi/14.2.1/thumb/v7e-m+fp/hard\libc_nano.a(libc_a-locale.o)
 .ARM.attributes
                0x00000535       0x34 C:/Toolchain/arm-gnu-toolchain-14.2.rel1-mingw-w64-i686-arm-none-eabi/bin/../lib/gcc/arm-none-eabi/14.2.1/thumb/v7e-m+fp/hard\libc_nano.a(libc_a-sbrkr.o)
 .ARM.attributes
                0x00000569       0x34 C:/Toolchain/arm-gnu-toolchain-14.2.rel1-mingw-w64-i686-arm-none-eabi/bin/../lib/gcc/arm-none-eabi/14.2.1/thumb/v7e-m+fp/hard\libc_nano.a(libc_a-memcpy-stub.o)
 .ARM.attributes
                0x0000059d       0x34 C:/Toolchain/arm-gnu-toolchain-14.2.rel1-mingw-w64-i686-arm-none-eabi/bin/../lib/gcc/arm-none-eabi/14.2.1/thumb/v7e-m+fp/hard\libc_nano.a(libc_a-assert.o)
 .ARM.attributes
                0x000005d1       0x34 C:/Toolchain/arm-gnu-toolchain-14.2.rel1-mingw-w64-i686-arm-none-eabi/bin/../lib/gcc/arm-none-eabi/14.2.1/thumb/v7e-m+fp/hard\libc_nano.a(libc_a-callocr.o)
 .ARM.attributes
                0x00000605       0x34 C:/Toolchain/arm-gnu-toolchain-14.2.rel1-mingw-w64-i686-arm-none-eabi/bin/../lib/gcc/arm-none-eabi/14.2.1/thumb/v7e-m+fp/hard\libc_nano.a(libc_a-mbtowc_r.o)
 .ARM.attributes
                0x00000639       0x34 C:/Toolchain/arm-gnu-toolchain-14.2.rel1-mingw-w64-i686-arm-none-eabi/bin/../lib/gcc/arm-none-eabi/14.2.1/thumb/v7e-m+fp/hard\libc_nano.a(libc_a-wctomb_r.o)
 .ARM.attributes
                0x0000066d       0x34 C:/Toolchain/arm-gnu-toolchain-14.2.rel1-mingw-w64-i686-arm-none-eabi/bin/../lib/gcc/arm-none-eabi/14.2.1/thumb/v7e-m+fp/hard\libc_nano.a(libc_a-ctype_.o)
 .ARM.attributes
                0x000006a1       0x34 C:/Toolchain/arm-gnu-toolchain-14.2.rel1-mingw-w64-i686-arm-none-eabi/bin/../lib/gcc/arm-none-eabi/14.2.1/thumb/v7e-m+fp/hard\libc_nano.a(libc_a-fprintf.o)
 .ARM.attributes
                0x000006d5       0x34 C:/Toolchain/arm-gnu-toolchain-14.2.rel1-mingw-w64-i686-arm-none-eabi/bin/../lib/gcc/arm-none-eabi/14.2.1/thumb/v7e-m+fp/hard\libc_nano.a(libc_a-abort.o)
 .ARM.attributes
                0x00000709       0x34 C:/Toolchain/arm-gnu-toolchain-14.2.rel1-mingw-w64-i686-arm-none-eabi/bin/../lib/gcc/arm-none-eabi/14.2.1/thumb/v7e-m+fp/hard\libc_nano.a(libc_a-nano-vfprintf.o)
 .ARM.attributes
                0x0000073d       0x34 C:/Toolchain/arm-gnu-toolchain-14.2.rel1-mingw-w64-i686-arm-none-eabi/bin/../lib/gcc/arm-none-eabi/14.2.1/thumb/v7e-m+fp/hard\libc_nano.a(libc_a-wbuf.o)
 .ARM.attributes
                0x00000771       0x34 C:/Toolchain/arm-gnu-toolchain-14.2.rel1-mingw-w64-i686-arm-none-eabi/bin/../lib/gcc/arm-none-eabi/14.2.1/thumb/v7e-m+fp/hard\libc_nano.a(libc_a-wsetup.o)
 .ARM.attributes
                0x000007a5       0x34 C:/Toolchain/arm-gnu-toolchain-14.2.rel1-mingw-w64-i686-arm-none-eabi/bin/../lib/gcc/arm-none-eabi/14.2.1/thumb/v7e-m+fp/hard\libc_nano.a(libc_a-signal.o)
 .ARM.attributes
                0x000007d9       0x34 C:/Toolchain/arm-gnu-toolchain-14.2.rel1-mingw-w64-i686-arm-none-eabi/bin/../lib/gcc/arm-none-eabi/14.2.1/thumb/v7e-m+fp/hard\libc_nano.a(libc_a-signalr.o)
 .ARM.attributes
                0x0000080d       0x34 C:/Toolchain/arm-gnu-toolchain-14.2.rel1-mingw-w64-i686-arm-none-eabi/bin/../lib/gcc/arm-none-eabi/14.2.1/thumb/v7e-m+fp/hard\libc_nano.a(libc_a-makebuf.o)
 .ARM.attributes
                0x00000841       0x34 C:/Toolchain/arm-gnu-toolchain-14.2.rel1-mingw-w64-i686-arm-none-eabi/bin/../lib/gcc/arm-none-eabi/14.2.1/thumb/v7e-m+fp/hard\libc_nano.a(libc_a-fstatr.o)
 .ARM.attributes
                0x00000875       0x34 C:/Toolchain/arm-gnu-toolchain-14.2.rel1-mingw-w64-i686-arm-none-eabi/bin/../lib/gcc/arm-none-eabi/14.2.1/thumb/v7e-m+fp/hard\libc_nano.a(libc_a-isattyr.o)
 .ARM.attributes
                0x000008a9       0x34 cmake/stm32cubemx/CMakeFiles/STM32_Drivers.dir/__/__/Core/Src/system_stm32f4xx.c.obj
 .ARM.attributes
                0x000008dd       0x34 cmake/stm32cubemx/CMakeFiles/STM32_Drivers.dir/__/__/Drivers/STM32F4xx_HAL_Driver/Src/stm32f4xx_hal_uart.c.obj
 .ARM.attributes
                0x00000911       0x34 cmake/stm32cubemx/CMakeFiles/STM32_Drivers.dir/__/__/Drivers/STM32F4xx_HAL_Driver/Src/stm32f4xx_hal_rcc.c.obj
 .ARM.attributes
                0x00000945       0x34 cmake/stm32cubemx/CMakeFiles/STM32_Drivers.dir/__/__/Drivers/STM32F4xx_HAL_Driver/Src/stm32f4xx_hal_gpio.c.obj
 .ARM.attributes
                0x00000979       0x34 cmake/stm32cubemx/CMakeFiles/STM32_Drivers.dir/__/__/Drivers/STM32F4xx_HAL_Driver/Src/stm32f4xx_hal_cortex.c.obj
 .ARM.attributes
                0x000009ad       0x34 cmake/stm32cubemx/CMakeFiles/STM32_Drivers.dir/__/__/Drivers/STM32F4xx_HAL_Driver/Src/stm32f4xx_hal.c.obj
 .ARM.attributes
                0x000009e1       0x34 CMakeFiles/led_blink.dir/Core/Src/main.c.obj
 .ARM.attributes
                0x00000a15       0x34 CMakeFiles/led_blink.dir/Core/Src/gpio.c.obj
 .ARM.attributes
                0x00000a49       0x34 CMakeFiles/led_blink.dir/Core/Src/usart.c.obj
 .ARM.attributes
                0x00000a7d       0x34 CMakeFiles/led_blink.dir/Core/Src/stm32f4xx_it.c.obj
 .ARM.attributes
                0x00000ab1       0x34 CMakeFiles/led_blink.dir/Core/Src/stm32f4xx_hal_msp.c.obj
 .ARM.attributes
                0x00000ae5       0x34 CMakeFiles/led_blink.dir/Core/Src/sysmem.c.obj
 .ARM.attributes
                0x00000b19       0x34 CMakeFiles/led_blink.dir/Core/Src/syscalls.c.obj
 .ARM.attributes
                0x00000b4d       0x21 CMakeFiles/led_blink.dir/startup_stm32f407xx.s.obj
 .ARM.attributes
                0x00000b6e       0x22 C:/Toolchain/arm-gnu-toolchain-14.2.rel1-mingw-w64-i686-arm-none-eabi/bin/../lib/gcc/arm-none-eabi/14.2.1/thumb/v7e-m+fp/hard\libgcc.a(_arm_addsubdf3.o)
 .ARM.attributes
                0x00000b90       0x22 C:/Toolchain/arm-gnu-toolchain-14.2.rel1-mingw-w64-i686-arm-none-eabi/bin/../lib/gcc/arm-none-eabi/14.2.1/thumb/v7e-m+fp/hard\libgcc.a(_arm_muldivdf3.o)
 .ARM.attributes
                0x00000bb2       0x22 C:/Toolchain/arm-gnu-toolchain-14.2.rel1-mingw-w64-i686-arm-none-eabi/bin/../lib/gcc/arm-none-eabi/14.2.1/thumb/v7e-m+fp/hard\libgcc.a(_arm_cmpdf2.o)
 .ARM.attributes
                0x00000bd4       0x22 C:/Toolchain/arm-gnu-toolchain-14.2.rel1-mingw-w64-i686-arm-none-eabi/bin/../lib/gcc/arm-none-eabi/14.2.1/thumb/v7e-m+fp/hard\libgcc.a(_arm_unorddf2.o)
 .ARM.attributes
                0x00000bf6       0x22 C:/Toolchain/arm-gnu-toolchain-14.2.rel1-mingw-w64-i686-arm-none-eabi/bin/../lib/gcc/arm-none-eabi/14.2.1/thumb/v7e-m+fp/hard\libgcc.a(_arm_fixdfsi.o)
 .ARM.attributes
                0x00000c18       0x22 C:/Toolchain/arm-gnu-toolchain-14.2.rel1-mingw-w64-i686-arm-none-eabi/bin/../lib/gcc/arm-none-eabi/14.2.1/thumb/v7e-m+fp/hard\libgcc.a(_aeabi_uldivmod.o)
 .ARM.attributes
                0x00000c3a       0x34 C:/Toolchain/arm-gnu-toolchain-14.2.rel1-mingw-w64-i686-arm-none-eabi/bin/../lib/gcc/arm-none-eabi/14.2.1/thumb/v7e-m+fp/hard\libgcc.a(_udivmoddi4.o)
 .ARM.attributes
                0x00000c6e       0x22 C:/Toolchain/arm-gnu-toolchain-14.2.rel1-mingw-w64-i686-arm-none-eabi/bin/../lib/gcc/arm-none-eabi/14.2.1/thumb/v7e-m+fp/hard\libgcc.a(_dvmd_tls.o)
 .ARM.attributes
                0x00000c90       0x34 C:/Toolchain/arm-gnu-toolchain-14.2.rel1-mingw-w64-i686-arm-none-eabi/bin/../lib/gcc/arm-none-eabi/14.2.1/thumb/v7e-m+fp/hard\libg_nano.a(libc_a-printf.o)
 .ARM.attributes
                0x00000cc4       0x34 C:/Toolchain/arm-gnu-toolchain-14.2.rel1-mingw-w64-i686-arm-none-eabi/bin/../lib/gcc/arm-none-eabi/14.2.1/thumb/v7e-m+fp/hard\libg_nano.a(libc_a-errno.o)
 .ARM.attributes
                0x00000cf8       0x34 C:/Toolchain/arm-gnu-toolchain-14.2.rel1-mingw-w64-i686-arm-none-eabi/bin/../lib/gcc/arm-none-eabi/14.2.1/thumb/v7e-m+fp/hard/crtend.o
 .ARM.attributes
                0x00000d2c       0x22 C:/Toolchain/arm-gnu-toolchain-14.2.rel1-mingw-w64-i686-arm-none-eabi/bin/../lib/gcc/arm-none-eabi/14.2.1/thumb/v7e-m+fp/hard/crtn.o

.comment        0x00000000       0x45
 .comment       0x00000000       0x45 cmake/stm32cubemx/CMakeFiles/STM32_Drivers.dir/__/__/Core/Src/system_stm32f4xx.c.obj
                                 0x46 (size before relaxing)
 .comment       0x00000045       0x46 cmake/stm32cubemx/CMakeFiles/STM32_Drivers.dir/__/__/Drivers/STM32F4xx_HAL_Driver/Src/stm32f4xx_hal_uart.c.obj
 .comment       0x00000045       0x46 cmake/stm32cubemx/CMakeFiles/STM32_Drivers.dir/__/__/Drivers/STM32F4xx_HAL_Driver/Src/stm32f4xx_hal_rcc.c.obj
 .comment       0x00000045       0x46 cmake/stm32cubemx/CMakeFiles/STM32_Drivers.dir/__/__/Drivers/STM32F4xx_HAL_Driver/Src/stm32f4xx_hal_gpio.c.obj
 .comment       0x00000045       0x46 cmake/stm32cubemx/CMakeFiles/STM32_Drivers.dir/__/__/Drivers/STM32F4xx_HAL_Driver/Src/stm32f4xx_hal_cortex.c.obj
 .comment       0x00000045       0x46 cmake/stm32cubemx/CMakeFiles/STM32_Drivers.dir/__/__/Drivers/STM32F4xx_HAL_Driver/Src/stm32f4xx_hal.c.obj
 .comment       0x00000045       0x46 CMakeFiles/led_blink.dir/Core/Src/main.c.obj
 .comment       0x00000045       0x46 CMakeFiles/led_blink.dir/Core/Src/gpio.c.obj
 .comment       0x00000045       0x46 CMakeFiles/led_blink.dir/Core/Src/usart.c.obj
 .comment       0x00000045       0x46 CMakeFiles/led_blink.dir/Core/Src/stm32f4xx_it.c.obj
 .comment       0x00000045       0x46 CMakeFiles/led_blink.dir/Core/Src/stm32f4xx_hal_msp.c.obj
 .comment       0x00000045       0x46 CMakeFiles/led_blink.dir/Core/Src/sysmem.c.obj
 .comment       0x00000045       0x46 CMakeFiles/led_blink.dir/Core/Src/syscalls.c.obj

.debug_frame    0x00000000     0x2c24
 .debug_frame   0x00000000       0x90 C:/Toolchain/arm-gnu-toolchain-14.2.rel1-mingw-w64-i686-arm-none-eabi/bin/../lib/gcc/arm-none-eabi/14.2.1/thumb/v7e-m+fp/hard\libc_nano.a(libc_a-nano-vfprintf_float.o)
 .debug_frame   0x00000090       0x60 C:/Toolchain/arm-gnu-toolchain-14.2.rel1-mingw-w64-i686-arm-none-eabi/bin/../lib/gcc/arm-none-eabi/14.2.1/thumb/v7e-m+fp/hard\libc_nano.a(libc_a-nano-vfprintf_i.o)
 .debug_frame   0x000000f0      0x144 C:/Toolchain/arm-gnu-toolchain-14.2.rel1-mingw-w64-i686-arm-none-eabi/bin/../lib/gcc/arm-none-eabi/14.2.1/thumb/v7e-m+fp/hard\libc_nano.a(libc_a-findfp.o)
 .debug_frame   0x00000234       0x34 C:/Toolchain/arm-gnu-toolchain-14.2.rel1-mingw-w64-i686-arm-none-eabi/bin/../lib/gcc/arm-none-eabi/14.2.1/thumb/v7e-m+fp/hard\libc_nano.a(libc_a-fwalk.o)
 .debug_frame   0x00000268       0x88 C:/Toolchain/arm-gnu-toolchain-14.2.rel1-mingw-w64-i686-arm-none-eabi/bin/../lib/gcc/arm-none-eabi/14.2.1/thumb/v7e-m+fp/hard\libc_nano.a(libc_a-stdio.o)
 .debug_frame   0x000002f0       0x20 C:/Toolchain/arm-gnu-toolchain-14.2.rel1-mingw-w64-i686-arm-none-eabi/bin/../lib/gcc/arm-none-eabi/14.2.1/thumb/v7e-m+fp/hard\libc_nano.a(libc_a-memset.o)
 .debug_frame   0x00000310       0x40 C:/Toolchain/arm-gnu-toolchain-14.2.rel1-mingw-w64-i686-arm-none-eabi/bin/../lib/gcc/arm-none-eabi/14.2.1/thumb/v7e-m+fp/hard\libc_nano.a(libc_a-localeconv.o)
 .debug_frame   0x00000350       0x2c C:/Toolchain/arm-gnu-toolchain-14.2.rel1-mingw-w64-i686-arm-none-eabi/bin/../lib/gcc/arm-none-eabi/14.2.1/thumb/v7e-m+fp/hard\libc_nano.a(libc_a-closer.o)
 .debug_frame   0x0000037c       0x38 C:/Toolchain/arm-gnu-toolchain-14.2.rel1-mingw-w64-i686-arm-none-eabi/bin/../lib/gcc/arm-none-eabi/14.2.1/thumb/v7e-m+fp/hard\libc_nano.a(libc_a-reent.o)
 .debug_frame   0x000003b4       0x2c C:/Toolchain/arm-gnu-toolchain-14.2.rel1-mingw-w64-i686-arm-none-eabi/bin/../lib/gcc/arm-none-eabi/14.2.1/thumb/v7e-m+fp/hard\libc_nano.a(libc_a-lseekr.o)
 .debug_frame   0x000003e0       0x2c C:/Toolchain/arm-gnu-toolchain-14.2.rel1-mingw-w64-i686-arm-none-eabi/bin/../lib/gcc/arm-none-eabi/14.2.1/thumb/v7e-m+fp/hard\libc_nano.a(libc_a-readr.o)
 .debug_frame   0x0000040c       0x2c C:/Toolchain/arm-gnu-toolchain-14.2.rel1-mingw-w64-i686-arm-none-eabi/bin/../lib/gcc/arm-none-eabi/14.2.1/thumb/v7e-m+fp/hard\libc_nano.a(libc_a-writer.o)
 .debug_frame   0x00000438       0x2c C:/Toolchain/arm-gnu-toolchain-14.2.rel1-mingw-w64-i686-arm-none-eabi/bin/../lib/gcc/arm-none-eabi/14.2.1/thumb/v7e-m+fp/hard\libc_nano.a(libc_a-init.o)
 .debug_frame   0x00000464       0xb0 C:/Toolchain/arm-gnu-toolchain-14.2.rel1-mingw-w64-i686-arm-none-eabi/bin/../lib/gcc/arm-none-eabi/14.2.1/thumb/v7e-m+fp/hard\libc_nano.a(libc_a-lock.o)
 .debug_frame   0x00000514       0x4c C:/Toolchain/arm-gnu-toolchain-14.2.rel1-mingw-w64-i686-arm-none-eabi/bin/../lib/gcc/arm-none-eabi/14.2.1/thumb/v7e-m+fp/hard\libc_nano.a(libc_a-memchr.o)
 .debug_frame   0x00000560       0x20 C:/Toolchain/arm-gnu-toolchain-14.2.rel1-mingw-w64-i686-arm-none-eabi/bin/../lib/gcc/arm-none-eabi/14.2.1/thumb/v7e-m+fp/hard\libc_nano.a(libc_a-strlen.o)
 .debug_frame   0x00000580       0x6c C:/Toolchain/arm-gnu-toolchain-14.2.rel1-mingw-w64-i686-arm-none-eabi/bin/../lib/gcc/arm-none-eabi/14.2.1/thumb/v7e-m+fp/hard\libc_nano.a(libc_a-dtoa.o)
 .debug_frame   0x000005ec       0x38 C:/Toolchain/arm-gnu-toolchain-14.2.rel1-mingw-w64-i686-arm-none-eabi/bin/../lib/gcc/arm-none-eabi/14.2.1/thumb/v7e-m+fp/hard\libc_nano.a(libc_a-freer.o)
 .debug_frame   0x00000624       0x30 C:/Toolchain/arm-gnu-toolchain-14.2.rel1-mingw-w64-i686-arm-none-eabi/bin/../lib/gcc/arm-none-eabi/14.2.1/thumb/v7e-m+fp/hard\libc_nano.a(libc_a-malloc.o)
 .debug_frame   0x00000654       0x50 C:/Toolchain/arm-gnu-toolchain-14.2.rel1-mingw-w64-i686-arm-none-eabi/bin/../lib/gcc/arm-none-eabi/14.2.1/thumb/v7e-m+fp/hard\libc_nano.a(libc_a-mallocr.o)
 .debug_frame   0x000006a4       0x30 C:/Toolchain/arm-gnu-toolchain-14.2.rel1-mingw-w64-i686-arm-none-eabi/bin/../lib/gcc/arm-none-eabi/14.2.1/thumb/v7e-m+fp/hard\libc_nano.a(libc_a-mlock.o)
 .debug_frame   0x000006d4      0x264 C:/Toolchain/arm-gnu-toolchain-14.2.rel1-mingw-w64-i686-arm-none-eabi/bin/../lib/gcc/arm-none-eabi/14.2.1/thumb/v7e-m+fp/hard\libc_nano.a(libc_a-mprec.o)
 .debug_frame   0x00000938       0x5c C:/Toolchain/arm-gnu-toolchain-14.2.rel1-mingw-w64-i686-arm-none-eabi/bin/../lib/gcc/arm-none-eabi/14.2.1/thumb/v7e-m+fp/hard\libc_nano.a(libc_a-fflush.o)
 .debug_frame   0x00000994       0x48 C:/Toolchain/arm-gnu-toolchain-14.2.rel1-mingw-w64-i686-arm-none-eabi/bin/../lib/gcc/arm-none-eabi/14.2.1/thumb/v7e-m+fp/hard\libc_nano.a(libc_a-locale.o)
 .debug_frame   0x000009dc       0x2c C:/Toolchain/arm-gnu-toolchain-14.2.rel1-mingw-w64-i686-arm-none-eabi/bin/../lib/gcc/arm-none-eabi/14.2.1/thumb/v7e-m+fp/hard\libc_nano.a(libc_a-sbrkr.o)
 .debug_frame   0x00000a08       0x28 C:/Toolchain/arm-gnu-toolchain-14.2.rel1-mingw-w64-i686-arm-none-eabi/bin/../lib/gcc/arm-none-eabi/14.2.1/thumb/v7e-m+fp/hard\libc_nano.a(libc_a-memcpy-stub.o)
 .debug_frame   0x00000a30       0x40 C:/Toolchain/arm-gnu-toolchain-14.2.rel1-mingw-w64-i686-arm-none-eabi/bin/../lib/gcc/arm-none-eabi/14.2.1/thumb/v7e-m+fp/hard\libc_nano.a(libc_a-assert.o)
 .debug_frame   0x00000a70       0x2c C:/Toolchain/arm-gnu-toolchain-14.2.rel1-mingw-w64-i686-arm-none-eabi/bin/../lib/gcc/arm-none-eabi/14.2.1/thumb/v7e-m+fp/hard\libc_nano.a(libc_a-callocr.o)
 .debug_frame   0x00000a9c       0x48 C:/Toolchain/arm-gnu-toolchain-14.2.rel1-mingw-w64-i686-arm-none-eabi/bin/../lib/gcc/arm-none-eabi/14.2.1/thumb/v7e-m+fp/hard\libc_nano.a(libc_a-mbtowc_r.o)
 .debug_frame   0x00000ae4       0x3c C:/Toolchain/arm-gnu-toolchain-14.2.rel1-mingw-w64-i686-arm-none-eabi/bin/../lib/gcc/arm-none-eabi/14.2.1/thumb/v7e-m+fp/hard\libc_nano.a(libc_a-wctomb_r.o)
 .debug_frame   0x00000b20       0x64 C:/Toolchain/arm-gnu-toolchain-14.2.rel1-mingw-w64-i686-arm-none-eabi/bin/../lib/gcc/arm-none-eabi/14.2.1/thumb/v7e-m+fp/hard\libc_nano.a(libc_a-fprintf.o)
 .debug_frame   0x00000b84       0x28 C:/Toolchain/arm-gnu-toolchain-14.2.rel1-mingw-w64-i686-arm-none-eabi/bin/../lib/gcc/arm-none-eabi/14.2.1/thumb/v7e-m+fp/hard\libc_nano.a(libc_a-abort.o)
 .debug_frame   0x00000bac       0xa8 C:/Toolchain/arm-gnu-toolchain-14.2.rel1-mingw-w64-i686-arm-none-eabi/bin/../lib/gcc/arm-none-eabi/14.2.1/thumb/v7e-m+fp/hard\libc_nano.a(libc_a-nano-vfprintf.o)
 .debug_frame   0x00000c54       0x40 C:/Toolchain/arm-gnu-toolchain-14.2.rel1-mingw-w64-i686-arm-none-eabi/bin/../lib/gcc/arm-none-eabi/14.2.1/thumb/v7e-m+fp/hard\libc_nano.a(libc_a-wbuf.o)
 .debug_frame   0x00000c94       0x2c C:/Toolchain/arm-gnu-toolchain-14.2.rel1-mingw-w64-i686-arm-none-eabi/bin/../lib/gcc/arm-none-eabi/14.2.1/thumb/v7e-m+fp/hard\libc_nano.a(libc_a-wsetup.o)
 .debug_frame   0x00000cc0       0xcc C:/Toolchain/arm-gnu-toolchain-14.2.rel1-mingw-w64-i686-arm-none-eabi/bin/../lib/gcc/arm-none-eabi/14.2.1/thumb/v7e-m+fp/hard\libc_nano.a(libc_a-signal.o)
 .debug_frame   0x00000d8c       0x3c C:/Toolchain/arm-gnu-toolchain-14.2.rel1-mingw-w64-i686-arm-none-eabi/bin/../lib/gcc/arm-none-eabi/14.2.1/thumb/v7e-m+fp/hard\libc_nano.a(libc_a-signalr.o)
 .debug_frame   0x00000dc8       0x58 C:/Toolchain/arm-gnu-toolchain-14.2.rel1-mingw-w64-i686-arm-none-eabi/bin/../lib/gcc/arm-none-eabi/14.2.1/thumb/v7e-m+fp/hard\libc_nano.a(libc_a-makebuf.o)
 .debug_frame   0x00000e20       0x2c C:/Toolchain/arm-gnu-toolchain-14.2.rel1-mingw-w64-i686-arm-none-eabi/bin/../lib/gcc/arm-none-eabi/14.2.1/thumb/v7e-m+fp/hard\libc_nano.a(libc_a-fstatr.o)
 .debug_frame   0x00000e4c       0x2c C:/Toolchain/arm-gnu-toolchain-14.2.rel1-mingw-w64-i686-arm-none-eabi/bin/../lib/gcc/arm-none-eabi/14.2.1/thumb/v7e-m+fp/hard\libc_nano.a(libc_a-isattyr.o)
 .debug_frame   0x00000e78       0x58 cmake/stm32cubemx/CMakeFiles/STM32_Drivers.dir/__/__/Core/Src/system_stm32f4xx.c.obj
 .debug_frame   0x00000ed0      0x954 cmake/stm32cubemx/CMakeFiles/STM32_Drivers.dir/__/__/Drivers/STM32F4xx_HAL_Driver/Src/stm32f4xx_hal_uart.c.obj
 .debug_frame   0x00001824      0x1f4 cmake/stm32cubemx/CMakeFiles/STM32_Drivers.dir/__/__/Drivers/STM32F4xx_HAL_Driver/Src/stm32f4xx_hal_rcc.c.obj
 .debug_frame   0x00001a18      0x14c cmake/stm32cubemx/CMakeFiles/STM32_Drivers.dir/__/__/Drivers/STM32F4xx_HAL_Driver/Src/stm32f4xx_hal_gpio.c.obj
 .debug_frame   0x00001b64      0x508 cmake/stm32cubemx/CMakeFiles/STM32_Drivers.dir/__/__/Drivers/STM32F4xx_HAL_Driver/Src/stm32f4xx_hal_cortex.c.obj
 .debug_frame   0x0000206c      0x374 cmake/stm32cubemx/CMakeFiles/STM32_Drivers.dir/__/__/Drivers/STM32F4xx_HAL_Driver/Src/stm32f4xx_hal.c.obj
 .debug_frame   0x000023e0       0x68 CMakeFiles/led_blink.dir/Core/Src/main.c.obj
 .debug_frame   0x00002448       0x34 CMakeFiles/led_blink.dir/Core/Src/gpio.c.obj
 .debug_frame   0x0000247c       0x9c CMakeFiles/led_blink.dir/Core/Src/usart.c.obj
 .debug_frame   0x00002518      0x104 CMakeFiles/led_blink.dir/Core/Src/stm32f4xx_it.c.obj
 .debug_frame   0x0000261c       0x38 CMakeFiles/led_blink.dir/Core/Src/stm32f4xx_hal_msp.c.obj
 .debug_frame   0x00002654       0x34 CMakeFiles/led_blink.dir/Core/Src/sysmem.c.obj
 .debug_frame   0x00002688      0x2ac CMakeFiles/led_blink.dir/Core/Src/syscalls.c.obj
 .debug_frame   0x00002934       0xac C:/Toolchain/arm-gnu-toolchain-14.2.rel1-mingw-w64-i686-arm-none-eabi/bin/../lib/gcc/arm-none-eabi/14.2.1/thumb/v7e-m+fp/hard\libgcc.a(_arm_addsubdf3.o)
 .debug_frame   0x000029e0       0x50 C:/Toolchain/arm-gnu-toolchain-14.2.rel1-mingw-w64-i686-arm-none-eabi/bin/../lib/gcc/arm-none-eabi/14.2.1/thumb/v7e-m+fp/hard\libgcc.a(_arm_muldivdf3.o)
 .debug_frame   0x00002a30       0xc4 C:/Toolchain/arm-gnu-toolchain-14.2.rel1-mingw-w64-i686-arm-none-eabi/bin/../lib/gcc/arm-none-eabi/14.2.1/thumb/v7e-m+fp/hard\libgcc.a(_arm_cmpdf2.o)
 .debug_frame   0x00002af4       0x20 C:/Toolchain/arm-gnu-toolchain-14.2.rel1-mingw-w64-i686-arm-none-eabi/bin/../lib/gcc/arm-none-eabi/14.2.1/thumb/v7e-m+fp/hard\libgcc.a(_arm_unorddf2.o)
 .debug_frame   0x00002b14       0x24 C:/Toolchain/arm-gnu-toolchain-14.2.rel1-mingw-w64-i686-arm-none-eabi/bin/../lib/gcc/arm-none-eabi/14.2.1/thumb/v7e-m+fp/hard\libgcc.a(_arm_fixdfsi.o)
 .debug_frame   0x00002b38       0x2c C:/Toolchain/arm-gnu-toolchain-14.2.rel1-mingw-w64-i686-arm-none-eabi/bin/../lib/gcc/arm-none-eabi/14.2.1/thumb/v7e-m+fp/hard\libgcc.a(_aeabi_uldivmod.o)
 .debug_frame   0x00002b64       0x34 C:/Toolchain/arm-gnu-toolchain-14.2.rel1-mingw-w64-i686-arm-none-eabi/bin/../lib/gcc/arm-none-eabi/14.2.1/thumb/v7e-m+fp/hard\libgcc.a(_udivmoddi4.o)
 .debug_frame   0x00002b98       0x6c C:/Toolchain/arm-gnu-toolchain-14.2.rel1-mingw-w64-i686-arm-none-eabi/bin/../lib/gcc/arm-none-eabi/14.2.1/thumb/v7e-m+fp/hard\libg_nano.a(libc_a-printf.o)
 .debug_frame   0x00002c04       0x20 C:/Toolchain/arm-gnu-toolchain-14.2.rel1-mingw-w64-i686-arm-none-eabi/bin/../lib/gcc/arm-none-eabi/14.2.1/thumb/v7e-m+fp/hard\libg_nano.a(libc_a-errno.o)

.debug_line_str
                0x00000000      0x234
 .debug_line_str
                0x00000000      0x234 C:/Toolchain/arm-gnu-toolchain-14.2.rel1-mingw-w64-i686-arm-none-eabi/bin/../lib/gcc/arm-none-eabi/14.2.1/thumb/v7e-m+fp/hard\libc_nano.a(libc_a-memchr.o)
                                 0xe1 (size before relaxing)
 .debug_line_str
                0x00000234       0xeb C:/Toolchain/arm-gnu-toolchain-14.2.rel1-mingw-w64-i686-arm-none-eabi/bin/../lib/gcc/arm-none-eabi/14.2.1/thumb/v7e-m+fp/hard\libc_nano.a(libc_a-strlen.o)
 .debug_line_str
                0x00000234       0x5e CMakeFiles/led_blink.dir/startup_stm32f407xx.s.obj
 .debug_line_str
                0x00000234       0xce C:/Toolchain/arm-gnu-toolchain-14.2.rel1-mingw-w64-i686-arm-none-eabi/bin/../lib/gcc/arm-none-eabi/14.2.1/thumb/v7e-m+fp/hard\libgcc.a(_arm_addsubdf3.o)
 .debug_line_str
                0x00000234       0xce C:/Toolchain/arm-gnu-toolchain-14.2.rel1-mingw-w64-i686-arm-none-eabi/bin/../lib/gcc/arm-none-eabi/14.2.1/thumb/v7e-m+fp/hard\libgcc.a(_arm_muldivdf3.o)
 .debug_line_str
                0x00000234       0xce C:/Toolchain/arm-gnu-toolchain-14.2.rel1-mingw-w64-i686-arm-none-eabi/bin/../lib/gcc/arm-none-eabi/14.2.1/thumb/v7e-m+fp/hard\libgcc.a(_arm_cmpdf2.o)
 .debug_line_str
                0x00000234       0xce C:/Toolchain/arm-gnu-toolchain-14.2.rel1-mingw-w64-i686-arm-none-eabi/bin/../lib/gcc/arm-none-eabi/14.2.1/thumb/v7e-m+fp/hard\libgcc.a(_arm_unorddf2.o)
 .debug_line_str
                0x00000234       0xce C:/Toolchain/arm-gnu-toolchain-14.2.rel1-mingw-w64-i686-arm-none-eabi/bin/../lib/gcc/arm-none-eabi/14.2.1/thumb/v7e-m+fp/hard\libgcc.a(_arm_fixdfsi.o)
 .debug_line_str
                0x00000234       0xc9 C:/Toolchain/arm-gnu-toolchain-14.2.rel1-mingw-w64-i686-arm-none-eabi/bin/../lib/gcc/arm-none-eabi/14.2.1/thumb/v7e-m+fp/hard\libgcc.a(_aeabi_uldivmod.o)
 .debug_line_str
                0x00000234       0xcd C:/Toolchain/arm-gnu-toolchain-14.2.rel1-mingw-w64-i686-arm-none-eabi/bin/../lib/gcc/arm-none-eabi/14.2.1/thumb/v7e-m+fp/hard\libgcc.a(_dvmd_tls.o)

.debug_info     0x00000000     0x798e
 .debug_info    0x00000000      0x512 cmake/stm32cubemx/CMakeFiles/STM32_Drivers.dir/__/__/Core/Src/system_stm32f4xx.c.obj
 .debug_info    0x00000512     0x2f4f cmake/stm32cubemx/CMakeFiles/STM32_Drivers.dir/__/__/Drivers/STM32F4xx_HAL_Driver/Src/stm32f4xx_hal_uart.c.obj
 .debug_info    0x00003461      0x8af cmake/stm32cubemx/CMakeFiles/STM32_Drivers.dir/__/__/Drivers/STM32F4xx_HAL_Driver/Src/stm32f4xx_hal_rcc.c.obj
 .debug_info    0x00003d10      0x6c3 cmake/stm32cubemx/CMakeFiles/STM32_Drivers.dir/__/__/Drivers/STM32F4xx_HAL_Driver/Src/stm32f4xx_hal_gpio.c.obj
 .debug_info    0x000043d3      0xd8c cmake/stm32cubemx/CMakeFiles/STM32_Drivers.dir/__/__/Drivers/STM32F4xx_HAL_Driver/Src/stm32f4xx_hal_cortex.c.obj
 .debug_info    0x0000515f      0x944 cmake/stm32cubemx/CMakeFiles/STM32_Drivers.dir/__/__/Drivers/STM32F4xx_HAL_Driver/Src/stm32f4xx_hal.c.obj
 .debug_info    0x00005aa3      0x5c3 CMakeFiles/led_blink.dir/Core/Src/main.c.obj
 .debug_info    0x00006066      0x3ed CMakeFiles/led_blink.dir/Core/Src/gpio.c.obj
 .debug_info    0x00006453      0x985 CMakeFiles/led_blink.dir/Core/Src/usart.c.obj
 .debug_info    0x00006dd8      0x112 CMakeFiles/led_blink.dir/Core/Src/stm32f4xx_it.c.obj
 .debug_info    0x00006eea      0x269 CMakeFiles/led_blink.dir/Core/Src/stm32f4xx_hal_msp.c.obj
 .debug_info    0x00007153      0x168 CMakeFiles/led_blink.dir/Core/Src/sysmem.c.obj
 .debug_info    0x000072bb      0x6a3 CMakeFiles/led_blink.dir/Core/Src/syscalls.c.obj
 .debug_info    0x0000795e       0x30 CMakeFiles/led_blink.dir/startup_stm32f407xx.s.obj

.debug_abbrev   0x00000000     0x1773
 .debug_abbrev  0x00000000      0x11a cmake/stm32cubemx/CMakeFiles/STM32_Drivers.dir/__/__/Core/Src/system_stm32f4xx.c.obj
 .debug_abbrev  0x0000011a      0x30e cmake/stm32cubemx/CMakeFiles/STM32_Drivers.dir/__/__/Drivers/STM32F4xx_HAL_Driver/Src/stm32f4xx_hal_uart.c.obj
 .debug_abbrev  0x00000428      0x2b7 cmake/stm32cubemx/CMakeFiles/STM32_Drivers.dir/__/__/Drivers/STM32F4xx_HAL_Driver/Src/stm32f4xx_hal_rcc.c.obj
 .debug_abbrev  0x000006df      0x1d4 cmake/stm32cubemx/CMakeFiles/STM32_Drivers.dir/__/__/Drivers/STM32F4xx_HAL_Driver/Src/stm32f4xx_hal_gpio.c.obj
 .debug_abbrev  0x000008b3      0x31d cmake/stm32cubemx/CMakeFiles/STM32_Drivers.dir/__/__/Drivers/STM32F4xx_HAL_Driver/Src/stm32f4xx_hal_cortex.c.obj
 .debug_abbrev  0x00000bd0      0x214 cmake/stm32cubemx/CMakeFiles/STM32_Drivers.dir/__/__/Drivers/STM32F4xx_HAL_Driver/Src/stm32f4xx_hal.c.obj
 .debug_abbrev  0x00000de4      0x224 CMakeFiles/led_blink.dir/Core/Src/main.c.obj
 .debug_abbrev  0x00001008      0x152 CMakeFiles/led_blink.dir/Core/Src/gpio.c.obj
 .debug_abbrev  0x0000115a      0x238 CMakeFiles/led_blink.dir/Core/Src/usart.c.obj
 .debug_abbrev  0x00001392       0x73 CMakeFiles/led_blink.dir/Core/Src/stm32f4xx_it.c.obj
 .debug_abbrev  0x00001405       0xd8 CMakeFiles/led_blink.dir/Core/Src/stm32f4xx_hal_msp.c.obj
 .debug_abbrev  0x000014dd       0xbc CMakeFiles/led_blink.dir/Core/Src/sysmem.c.obj
 .debug_abbrev  0x00001599      0x1b6 CMakeFiles/led_blink.dir/Core/Src/syscalls.c.obj
 .debug_abbrev  0x0000174f       0x24 CMakeFiles/led_blink.dir/startup_stm32f407xx.s.obj

.debug_aranges  0x00000000      0x728
 .debug_aranges
                0x00000000       0x28 cmake/stm32cubemx/CMakeFiles/STM32_Drivers.dir/__/__/Core/Src/system_stm32f4xx.c.obj
 .debug_aranges
                0x00000028      0x208 cmake/stm32cubemx/CMakeFiles/STM32_Drivers.dir/__/__/Drivers/STM32F4xx_HAL_Driver/Src/stm32f4xx_hal_uart.c.obj
 .debug_aranges
                0x00000230       0x88 cmake/stm32cubemx/CMakeFiles/STM32_Drivers.dir/__/__/Drivers/STM32F4xx_HAL_Driver/Src/stm32f4xx_hal_rcc.c.obj
 .debug_aranges
                0x000002b8       0x58 cmake/stm32cubemx/CMakeFiles/STM32_Drivers.dir/__/__/Drivers/STM32F4xx_HAL_Driver/Src/stm32f4xx_hal_gpio.c.obj
 .debug_aranges
                0x00000310      0x130 cmake/stm32cubemx/CMakeFiles/STM32_Drivers.dir/__/__/Drivers/STM32F4xx_HAL_Driver/Src/stm32f4xx_hal_cortex.c.obj
 .debug_aranges
                0x00000440       0xf0 cmake/stm32cubemx/CMakeFiles/STM32_Drivers.dir/__/__/Drivers/STM32F4xx_HAL_Driver/Src/stm32f4xx_hal.c.obj
 .debug_aranges
                0x00000530       0x30 CMakeFiles/led_blink.dir/Core/Src/main.c.obj
 .debug_aranges
                0x00000560       0x20 CMakeFiles/led_blink.dir/Core/Src/gpio.c.obj
 .debug_aranges
                0x00000580       0x38 CMakeFiles/led_blink.dir/Core/Src/usart.c.obj
 .debug_aranges
                0x000005b8       0x60 CMakeFiles/led_blink.dir/Core/Src/stm32f4xx_it.c.obj
 .debug_aranges
                0x00000618       0x20 CMakeFiles/led_blink.dir/Core/Src/stm32f4xx_hal_msp.c.obj
 .debug_aranges
                0x00000638       0x20 CMakeFiles/led_blink.dir/Core/Src/sysmem.c.obj
 .debug_aranges
                0x00000658       0xa8 CMakeFiles/led_blink.dir/Core/Src/syscalls.c.obj
 .debug_aranges
                0x00000700       0x28 CMakeFiles/led_blink.dir/startup_stm32f407xx.s.obj

.debug_rnglists
                0x00000000      0x55f
 .debug_rnglists
                0x00000000       0x1a cmake/stm32cubemx/CMakeFiles/STM32_Drivers.dir/__/__/Core/Src/system_stm32f4xx.c.obj
 .debug_rnglists
                0x0000001a      0x1bc cmake/stm32cubemx/CMakeFiles/STM32_Drivers.dir/__/__/Drivers/STM32F4xx_HAL_Driver/Src/stm32f4xx_hal_uart.c.obj
 .debug_rnglists
                0x000001d6       0x66 cmake/stm32cubemx/CMakeFiles/STM32_Drivers.dir/__/__/Drivers/STM32F4xx_HAL_Driver/Src/stm32f4xx_hal_rcc.c.obj
 .debug_rnglists
                0x0000023c       0x3f cmake/stm32cubemx/CMakeFiles/STM32_Drivers.dir/__/__/Drivers/STM32F4xx_HAL_Driver/Src/stm32f4xx_hal_gpio.c.obj
 .debug_rnglists
                0x0000027b       0xe0 cmake/stm32cubemx/CMakeFiles/STM32_Drivers.dir/__/__/Drivers/STM32F4xx_HAL_Driver/Src/stm32f4xx_hal_cortex.c.obj
 .debug_rnglists
                0x0000035b       0xaf cmake/stm32cubemx/CMakeFiles/STM32_Drivers.dir/__/__/Drivers/STM32F4xx_HAL_Driver/Src/stm32f4xx_hal.c.obj
 .debug_rnglists
                0x0000040a       0x20 CMakeFiles/led_blink.dir/Core/Src/main.c.obj
 .debug_rnglists
                0x0000042a       0x14 CMakeFiles/led_blink.dir/Core/Src/gpio.c.obj
 .debug_rnglists
                0x0000043e       0x26 CMakeFiles/led_blink.dir/Core/Src/usart.c.obj
 .debug_rnglists
                0x00000464       0x43 CMakeFiles/led_blink.dir/Core/Src/stm32f4xx_it.c.obj
 .debug_rnglists
                0x000004a7       0x13 CMakeFiles/led_blink.dir/Core/Src/stm32f4xx_hal_msp.c.obj
 .debug_rnglists